Archive member included to satisfy reference by file (symbol)

app/libapp.a(main.c.obj)      (--whole-archive)
zephyr/libzephyr.a(soc_nrf_common.S.obj)
                              (--whole-archive)
zephyr/libzephyr.a(assert.c.obj)
                              (--whole-archive)
zephyr/libzephyr.a(bitarray.c.obj)
                              (--whole-archive)
zephyr/libzephyr.a(cbprintf.c.obj)
                              (--whole-archive)
zephyr/libzephyr.a(cbprintf_complete.c.obj)
                              (--whole-archive)
zephyr/libzephyr.a(cbprintf_packaged.c.obj)
                              (--whole-archive)
zephyr/libzephyr.a(configs.c.obj)
                              (--whole-archive)
zephyr/libzephyr.a(constraint.c.obj)
                              (--whole-archive)
zephyr/libzephyr.a(crc16_sw.c.obj)
                              (--whole-archive)
zephyr/libzephyr.a(crc32_sw.c.obj)
                              (--whole-archive)
zephyr/libzephyr.a(crc32c_sw.c.obj)
                              (--whole-archive)
zephyr/libzephyr.a(crc7_sw.c.obj)
                              (--whole-archive)
zephyr/libzephyr.a(crc8_sw.c.obj)
                              (--whole-archive)
zephyr/libzephyr.a(dec.c.obj)
                              (--whole-archive)
zephyr/libzephyr.a(fdtable.c.obj)
                              (--whole-archive)
zephyr/libzephyr.a(heap-validate.c.obj)
                              (--whole-archive)
zephyr/libzephyr.a(heap.c.obj)
                              (--whole-archive)
zephyr/libzephyr.a(hex.c.obj)
                              (--whole-archive)
zephyr/libzephyr.a(multi_heap.c.obj)
                              (--whole-archive)
zephyr/libzephyr.a(notify.c.obj)
                              (--whole-archive)
zephyr/libzephyr.a(nrf_cc3xx_platform_abort_zephyr.c.obj)
                              (--whole-archive)
zephyr/libzephyr.a(nrf_cc3xx_platform_mutex_zephyr.c.obj)
                              (--whole-archive)
zephyr/libzephyr.a(onoff.c.obj)
                              (--whole-archive)
zephyr/libzephyr.a(pm.c.obj)  (--whole-archive)
zephyr/libzephyr.a(printk.c.obj)
                              (--whole-archive)
zephyr/libzephyr.a(rb.c.obj)  (--whole-archive)
zephyr/libzephyr.a(reboot.c.obj)
                              (--whole-archive)
zephyr/libzephyr.a(residency.c.obj)
                              (--whole-archive)
zephyr/libzephyr.a(sem.c.obj)
                              (--whole-archive)
zephyr/libzephyr.a(thread_entry.c.obj)
                              (--whole-archive)
zephyr/libzephyr.a(timeutil.c.obj)
                              (--whole-archive)
zephyr/libzephyr.a(tracing_none.c.obj)
                              (--whole-archive)
zephyr/libzephyr.a(validate_base_addresses.c.obj)
                              (--whole-archive)
zephyr/libzephyr.a(validate_enabled_instances.c.obj)
                              (--whole-archive)
zephyr/arch/common/libarch__common.a(sw_isr_common.c.obj)
                              (--whole-archive)
zephyr/arch/arch/arm/core/aarch32/libarch__arm__core__aarch32.a(cpu_idle.S.obj)
                              (--whole-archive)
zephyr/arch/arch/arm/core/aarch32/libarch__arm__core__aarch32.a(isr_wrapper.S.obj)
                              (--whole-archive)
zephyr/arch/arch/arm/core/aarch32/libarch__arm__core__aarch32.a(nmi_on_reset.S.obj)
                              (--whole-archive)
zephyr/arch/arch/arm/core/aarch32/libarch__arm__core__aarch32.a(swap_helper.S.obj)
                              (--whole-archive)
zephyr/arch/arch/arm/core/aarch32/libarch__arm__core__aarch32.a(fatal.c.obj)
                              (--whole-archive)
zephyr/arch/arch/arm/core/aarch32/libarch__arm__core__aarch32.a(irq_manage.c.obj)
                              (--whole-archive)
zephyr/arch/arch/arm/core/aarch32/libarch__arm__core__aarch32.a(nmi.c.obj)
                              (--whole-archive)
zephyr/arch/arch/arm/core/aarch32/libarch__arm__core__aarch32.a(prep_c.c.obj)
                              (--whole-archive)
zephyr/arch/arch/arm/core/aarch32/libarch__arm__core__aarch32.a(swap.c.obj)
                              (--whole-archive)
zephyr/arch/arch/arm/core/aarch32/libarch__arm__core__aarch32.a(thread.c.obj)
                              (--whole-archive)
zephyr/arch/arch/arm/core/aarch32/cortex_m/libarch__arm__core__aarch32__cortex_m.a(exc_exit.S.obj)
                              (--whole-archive)
zephyr/arch/arch/arm/core/aarch32/cortex_m/libarch__arm__core__aarch32__cortex_m.a(fault_s.S.obj)
                              (--whole-archive)
zephyr/arch/arch/arm/core/aarch32/cortex_m/libarch__arm__core__aarch32__cortex_m.a(reset.S.obj)
                              (--whole-archive)
zephyr/arch/arch/arm/core/aarch32/cortex_m/libarch__arm__core__aarch32__cortex_m.a(vector_table.S.obj)
                              (--whole-archive)
[...]
Memory Configuration

Name             Origin             Length             Attributes
FLASH            0x00000000         0x00100000         xr
SRAM             0x20000000         0x00040000         xw
IDT_LIST         0xfffff7ff         0x00000800         xw
*default*        0x00000000         0xffffffff

Linker script and memory map

LOAD zephyr/CMakeFiles/zephyr_final.dir/dev_handles.c.obj
LOAD zephyr/CMakeFiles/zephyr_final.dir/misc/empty_file.c.obj
LOAD zephyr/CMakeFiles/zephyr_final.dir/isr_tables.c.obj
                0x00000020                _region_min_align = 0x20

.rel.plt        0x00000000        0x0
 *(SORT_BY_ALIGNMENT(.rel.plt))
                [!provide]                PROVIDE (__rel_iplt_start = .)
 *(SORT_BY_ALIGNMENT(.rel.iplt))
 .rel.iplt      0x00000000        0x0 zephyr/CMakeFiles/zephyr_final.dir/dev_handles.c.obj
                [!provide]                PROVIDE (__rel_iplt_end = .)

.rela.plt       0x00000000        0x0
 *(SORT_BY_ALIGNMENT(.rela.plt))
                [!provide]                PROVIDE (__rela_iplt_start = .)
 *(SORT_BY_ALIGNMENT(.rela.iplt))
                [!provide]                PROVIDE (__rela_iplt_end = .)

.rel.dyn
 *(SORT_BY_ALIGNMENT(.rel.*))

.rela.dyn
 *(SORT_BY_ALIGNMENT(.rela.*))

/DISCARD/
 *(SORT_BY_ALIGNMENT(.plt))
 *(SORT_BY_ALIGNMENT(.iplt))
 *(SORT_BY_ALIGNMENT(.got.plt))
 *(SORT_BY_ALIGNMENT(.igot.plt))
 *(SORT_BY_ALIGNMENT(.got))
 *(SORT_BY_ALIGNMENT(.igot))
 *(SORT_BY_ALIGNMENT(.irq_info*))
 *(SORT_BY_ALIGNMENT(.intList*))
 *(SORT_BY_ALIGNMENT(.note.GNU-stack))
                0x00000000                __rom_region_start = 0x0

rom_start       0x00000000      0x100
                0x00000000                . = 0x0
                0x00000000                . = ALIGN (0x4)
                0x00000000                . = ALIGN (0x80)
                0x00000000                . = ALIGN (0x100)
                0x00000000                _vector_start = .
 *(SORT_BY_ALIGNMENT(.exc_vector_table))
 *(SORT_BY_ALIGNMENT(.exc_vector_table.*))
 .exc_vector_table._vector_table_section
                0x00000000       0x40 zephyr/arch/arch/arm/core/aarch32/cortex_m/libarch__arm__core__aarch32__cortex_m.a(vector_table.S.obj)
                0x00000000                _vector_table
 *(SORT_BY_ALIGNMENT(.gnu.linkonce.irq_vector_table*))
 .gnu.linkonce.irq_vector_table
                0x00000040       0xc0 zephyr/CMakeFiles/zephyr_final.dir/isr_tables.c.obj
                0x00000040                _irq_vector_table
 *(SORT_BY_ALIGNMENT(.vectors))
                0x00000100                _vector_end = .

text            0x00000100     0x7010
                0x00000100                __text_region_start = .
 *(SORT_BY_ALIGNMENT(.text))
 .text          0x00000100       0x30 c:/users/bruno/ncs/v1.9.1/toolchain/opt/bin/../lib/gcc/arm-none-eabi/9.2.1/thumb/v7e-m/nofp\libgcc.a(_aeabi_uldivmod.o)
                0x00000100                __aeabi_uldivmod
 .text          0x00000130      0x2c0 c:/users/bruno/ncs/v1.9.1/toolchain/opt/bin/../lib/gcc/arm-none-eabi/9.2.1/thumb/v7e-m/nofp\libgcc.a(_udivmoddi4.o)
                0x00000130                __udivmoddi4
 .text          0x000003f0        0x4 c:/users/bruno/ncs/v1.9.1/toolchain/opt/bin/../lib/gcc/arm-none-eabi/9.2.1/thumb/v7e-m/nofp\libgcc.a(_dvmd_tls.o)
                0x000003f0                __aeabi_idiv0
                0x000003f0                __aeabi_ldiv0
 *(SORT_BY_ALIGNMENT(.text.*))
 .text.thread_A_code
                0x000003f4       0x98 app/libapp.a(main.c.obj)
                0x000003f4                thread_A_code
 .text.thread_B_code
                0x0000048c       0x70 app/libapp.a(main.c.obj)
                0x0000048c                thread_B_code
 .text.thread_C_code
                0x000004fc       0x50 app/libapp.a(main.c.obj)
                0x000004fc                thread_C_code
 .text.main     0x0000054c      0x158 app/libapp.a(main.c.obj)
                0x0000054c                main
 .text.cbvprintf
                0x000006a4      0x780 zephyr/libzephyr.a(cbprintf_complete.c.obj)
                0x000006a4                cbvprintf
 .text.sys_notify_finalize
                0x00000e24       0x40 zephyr/libzephyr.a(notify.c.obj)
                0x00000e24                sys_notify_finalize
 .text.nrf_cc3xx_platform_abort_init
                0x00000e64        0xc zephyr/libzephyr.a(nrf_cc3xx_platform_abort_zephyr.c.obj)
                0x00000e64                nrf_cc3xx_platform_abort_init
 .text.mutex_unlock_platform
                0x00000e70       0x4c zephyr/libzephyr.a(nrf_cc3xx_platform_mutex_zephyr.c.obj)
 .text.mutex_free_platform
                0x00000ebc       0x48 zephyr/libzephyr.a(nrf_cc3xx_platform_mutex_zephyr.c.obj)
 .text.mutex_init_platform
                0x00000f04       0x70 zephyr/libzephyr.a(nrf_cc3xx_platform_mutex_zephyr.c.obj)
 .text.mutex_lock_platform
                0x00000f74       0x58 zephyr/libzephyr.a(nrf_cc3xx_platform_mutex_zephyr.c.obj)
 .text.nrf_cc3xx_platform_mutex_init
                0x00000fcc       0x2c zephyr/libzephyr.a(nrf_cc3xx_platform_mutex_zephyr.c.obj)
                0x00000fcc                nrf_cc3xx_platform_mutex_init
 .text.process_event
                0x00000ff8      0x3f4 zephyr/libzephyr.a(onoff.c.obj)
 .text.transition_complete
                0x000013ec       0x64 zephyr/libzephyr.a(onoff.c.obj)
 .text.onoff_request
                0x00001450      0x130 zephyr/libzephyr.a(onoff.c.obj)
                0x00001450                onoff_request
 .text.pm_state_notify
                0x00001580       0xcc zephyr/libzephyr.a(pm.c.obj)
 .text.atomic_test_and_set_bit.constprop.0
                0x0000164c       0x38 zephyr/libzephyr.a(pm.c.obj)
 .text.pm_system_resume
                0x00001684       0x88 zephyr/libzephyr.a(pm.c.obj)
                0x00001684                pm_system_resume
 .text.pm_system_suspend
                0x0000170c      0x100 zephyr/libzephyr.a(pm.c.obj)
                0x0000170c                pm_system_suspend
 .text.char_out
                0x0000180c       0x10 zephyr/libzephyr.a(printk.c.obj)
 .text.__printk_hook_install
                0x0000181c        0xc zephyr/libzephyr.a(printk.c.obj)
                0x0000181c                __printk_hook_install
 .text.vprintk  0x00001828       0x1c zephyr/libzephyr.a(printk.c.obj)
                0x00001828                vprintk
 .text.sys_reboot
                0x00001844       0x28 zephyr/libzephyr.a(reboot.c.obj)
                0x00001844                sys_reboot
 .text.z_arm_cpu_idle_init
                0x0000186c        0xc zephyr/arch/arch/arm/core/aarch32/libarch__arm__core__aarch32.a(cpu_idle.S.obj)
                0x0000186c                z_arm_cpu_idle_init
 .text.arch_cpu_idle
                0x00001878       0x1c zephyr/arch/arch/arm/core/aarch32/libarch__arm__core__aarch32.a(cpu_idle.S.obj)
                0x00001878                arch_cpu_idle
 .text.arch_cpu_atomic_idle
                0x00001894       0x14 zephyr/arch/arch/arm/core/aarch32/libarch__arm__core__aarch32.a(cpu_idle.S.obj)
                0x00001894                arch_cpu_atomic_idle
 .text._isr_wrapper
                0x000018a8       0x40 zephyr/arch/arch/arm/core/aarch32/libarch__arm__core__aarch32.a(isr_wrapper.S.obj)
                0x000018a8                _isr_wrapper
 .text.z_SysNmiOnReset
                0x000018e8        0x8 zephyr/arch/arch/arm/core/aarch32/libarch__arm__core__aarch32.a(nmi_on_reset.S.obj)
                0x000018e8                z_SysNmiOnReset
 .text.z_arm_pendsv
                0x000018f0       0x54 zephyr/arch/arch/arm/core/aarch32/libarch__arm__core__aarch32.a(swap_helper.S.obj)
                0x000018f0                z_arm_pendsv
 .text.z_arm_svc
                0x00001944       0x20 zephyr/arch/arch/arm/core/aarch32/libarch__arm__core__aarch32.a(swap_helper.S.obj)
                0x00001944                z_arm_svc
 .text.arch_irq_enable
                0x00001964       0x20 zephyr/arch/arch/arm/core/aarch32/libarch__arm__core__aarch32.a(irq_manage.c.obj)
                0x00001964                arch_irq_enable
 .text.arch_irq_is_enabled
                0x00001984       0x1c zephyr/arch/arch/arm/core/aarch32/libarch__arm__core__aarch32.a(irq_manage.c.obj)
                0x00001984                arch_irq_is_enabled
 .text.z_arm_irq_priority_set
                0x000019a0       0x68 zephyr/arch/arch/arm/core/aarch32/libarch__arm__core__aarch32.a(irq_manage.c.obj)
                0x000019a0                z_arm_irq_priority_set
 .text.z_arm_prep_c
                0x00001a08       0x38 zephyr/arch/arch/arm/core/aarch32/libarch__arm__core__aarch32.a(prep_c.c.obj)
                0x00001a08                z_arm_prep_c
 .text.arch_swap
                0x00001a40       0x34 zephyr/arch/arch/arm/core/aarch32/libarch__arm__core__aarch32.a(swap.c.obj)
                0x00001a40                arch_swap
 .text.arch_new_thread
                0x00001a74       0x38 zephyr/arch/arch/arm/core/aarch32/libarch__arm__core__aarch32.a(thread.c.obj)
                0x00001a74                arch_new_thread
 .text.z_check_thread_stack_fail
                0x00001aac       0x34 zephyr/arch/arch/arm/core/aarch32/libarch__arm__core__aarch32.a(thread.c.obj)
                0x00001aac                z_check_thread_stack_fail
 .text.arch_switch_to_main_thread
                0x00001ae0       0x2c zephyr/arch/arch/arm/core/aarch32/libarch__arm__core__aarch32.a(thread.c.obj)
                0x00001ae0                arch_switch_to_main_thread
 .text._HandlerModeExit
                0x00001b0c       0x1c zephyr/arch/arch/arm/core/aarch32/cortex_m/libarch__arm__core__aarch32__cortex_m.a(exc_exit.S.obj)
                0x00001b0c                z_arm_int_exit
                0x00001b0c                z_arm_exc_exit
 .text.__fault  0x00001b28       0x14 zephyr/arch/arch/arm/core/aarch32/cortex_m/libarch__arm__core__aarch32__cortex_m.a(fault_s.S.obj)
                0x00001b28                z_arm_usage_fault
                0x00001b28                z_arm_mpu_fault
                0x00001b28                z_arm_exc_spurious
                0x00001b28                z_arm_debug_monitor
                0x00001b28                z_arm_hard_fault
                0x00001b28                z_arm_bus_fault
 .text._reset_section
                0x00001b3c       0x54 zephyr/arch/arch/arm/core/aarch32/cortex_m/libarch__arm__core__aarch32__cortex_m.a(reset.S.obj)
                0x00001b3c                __start
                0x00001b3c                z_arm_reset
 .text.mem_manage_fault
                0x00001b90       0xa4 zephyr/arch/arch/arm/core/aarch32/cortex_m/libarch__arm__core__aarch32__cortex_m.a(fault.c.obj)
 .text.bus_fault.isra.0
                0x00001c34       0x3c zephyr/arch/arch/arm/core/aarch32/cortex_m/libarch__arm__core__aarch32__cortex_m.a(fault.c.obj)
 .text.usage_fault.isra.0
                0x00001c70       0x24 zephyr/arch/arch/arm/core/aarch32/cortex_m/libarch__arm__core__aarch32__cortex_m.a(fault.c.obj)
 .text.z_arm_fault
                0x00001c94      0x17c zephyr/arch/arch/arm/core/aarch32/cortex_m/libarch__arm__core__aarch32__cortex_m.a(fault.c.obj)
                0x00001c94                z_arm_fault
 .text.z_arm_fault_init
                0x00001e10       0x10 zephyr/arch/arch/arm/core/aarch32/cortex_m/libarch__arm__core__aarch32__cortex_m.a(fault.c.obj)
                0x00001e10                z_arm_fault_init
 .text.z_arm_interrupt_init
                0x00001e20       0x18 zephyr/arch/arch/arm/core/aarch32/cortex_m/libarch__arm__core__aarch32__cortex_m.a(irq_init.c.obj)
                0x00001e20                z_arm_interrupt_init
 .text.z_arm_clear_arm_mpu_config
                0x00001e38       0x20 zephyr/arch/arch/arm/core/aarch32/cortex_m/libarch__arm__core__aarch32__cortex_m.a(scb.c.obj)
                0x00001e38                z_arm_clear_arm_mpu_config
 .text.z_arm_init_arch_hw_at_boot
                0x00001e58       0x64 zephyr/arch/arch/arm/core/aarch32/cortex_m/libarch__arm__core__aarch32__cortex_m.a(scb.c.obj)
                0x00001e58                z_arm_init_arch_hw_at_boot
 .text.z_impl_k_thread_abort
                0x00001ebc       0x24 zephyr/arch/arch/arm/core/aarch32/cortex_m/libarch__arm__core__aarch32__cortex_m.a(thread_abort.c.obj)
                0x00001ebc                z_impl_k_thread_abort
 .text.z_arm_configure_static_mpu_regions
                0x00001ee0       0x18 zephyr/arch/arch/arm/core/aarch32/mpu/libarch__arm__core__aarch32__mpu.a(arm_core_mpu.c.obj)
                0x00001ee0                z_arm_configure_static_mpu_regions
 .text.z_arm_configure_dynamic_mpu_regions
                0x00001ef8       0x20 zephyr/arch/arch/arm/core/aarch32/mpu/libarch__arm__core__aarch32__mpu.a(arm_core_mpu.c.obj)
                0x00001ef8                z_arm_configure_dynamic_mpu_regions
 .text.mpu_configure_regions
                0x00001f18       0x80 zephyr/arch/arch/arm/core/aarch32/mpu/libarch__arm__core__aarch32__mpu.a(arm_mpu.c.obj)
 .text.arm_core_mpu_enable
                0x00001f98       0x14 zephyr/arch/arch/arm/core/aarch32/mpu/libarch__arm__core__aarch32__mpu.a(arm_mpu.c.obj)
                0x00001f98                arm_core_mpu_enable
 .text.arm_core_mpu_disable
                0x00001fac       0x10 zephyr/arch/arch/arm/core/aarch32/mpu/libarch__arm__core__aarch32__mpu.a(arm_mpu.c.obj)
                0x00001fac                arm_core_mpu_disable
 .text.arm_core_mpu_configure_static_mpu_regions
                0x00001fbc       0x50 zephyr/arch/arch/arm/core/aarch32/mpu/libarch__arm__core__aarch32__mpu.a(arm_mpu.c.obj)
                0x00001fbc                arm_core_mpu_configure_static_mpu_regions
 .text.arm_core_mpu_configure_dynamic_mpu_regions
                0x0000200c       0x64 zephyr/arch/arch/arm/core/aarch32/mpu/libarch__arm__core__aarch32__mpu.a(arm_mpu.c.obj)
                0x0000200c                arm_core_mpu_configure_dynamic_mpu_regions
 .text.z_arm_mpu_init
                0x00002070       0xbc zephyr/arch/arch/arm/core/aarch32/mpu/libarch__arm__core__aarch32__mpu.a(arm_mpu.c.obj)
                0x00002070                z_arm_mpu_init
 .text.printf   0x0000212c       0x24 zephyr/lib/libc/minimal/liblib__libc__minimal.a(fprintf.c.obj)
                0x0000212c                printf
 .text.__stdout_hook_install
                0x00002150        0xc zephyr/lib/libc/minimal/liblib__libc__minimal.a(stdout_console.c.obj)
                0x00002150                __stdout_hook_install
 .text.z_impl_zephyr_fputc
                0x0000215c       0x18 zephyr/lib/libc/minimal/liblib__libc__minimal.a(stdout_console.c.obj)
                0x0000215c                z_impl_zephyr_fputc
 .text.nordicsemi_nrf52_init
                0x00002174       0x64 zephyr/soc/arm/nordic_nrf/nrf52/libsoc__arm__nordic_nrf__nrf52.a(soc.c.obj)
 .text.sys_arch_reboot
                0x000021d8       0x2c zephyr/soc/arm/nordic_nrf/nrf52/libsoc__arm__nordic_nrf__nrf52.a(soc.c.obj)
                0x000021d8                sys_arch_reboot
 .text.arch_busy_wait
                0x00002204       0x14 zephyr/soc/arm/nordic_nrf/nrf52/libsoc__arm__nordic_nrf__nrf52.a(soc.c.obj)
                0x00002204                arch_busy_wait
 .text.onoff_start
                0x00002218       0x54 zephyr/drivers/clock_control/libdrivers__clock_control.a(clock_control_nrf.c.obj)
 .text.get_status
                0x0000226c       0x3c zephyr/drivers/clock_control/libdrivers__clock_control.a(clock_control_nrf.c.obj)
 .text.stop     0x000022a8       0x7c zephyr/drivers/clock_control/libdrivers__clock_control.a(clock_control_nrf.c.obj)
 .text.onoff_stop
                0x00002324       0x28 zephyr/drivers/clock_control/libdrivers__clock_control.a(clock_control_nrf.c.obj)
 .text.clk_init
                0x0000234c       0x60 zephyr/drivers/clock_control/libdrivers__clock_control.a(clock_control_nrf.c.obj)
 .text.clkstarted_handle.constprop.0
                0x000023ac       0x34 zephyr/drivers/clock_control/libdrivers__clock_control.a(clock_control_nrf.c.obj)
 .text.clock_event_handler
                0x000023e0       0x60 zephyr/drivers/clock_control/libdrivers__clock_control.a(clock_control_nrf.c.obj)
 .text.generic_hfclk_start
                0x00002440       0x64 zephyr/drivers/clock_control/libdrivers__clock_control.a(clock_control_nrf.c.obj)
 .text.generic_hfclk_stop
                0x000024a4       0x2c zephyr/drivers/clock_control/libdrivers__clock_control.a(clock_control_nrf.c.obj)
 .text.api_blocking_start
                0x000024d0       0x34 zephyr/drivers/clock_control/libdrivers__clock_control.a(clock_control_nrf.c.obj)
 .text.z_nrf_clock_control_lf_on
                0x00002504      0x158 zephyr/drivers/clock_control/libdrivers__clock_control.a(clock_control_nrf.c.obj)
                0x00002504                z_nrf_clock_control_lf_on
 .text.uart_console_init
                0x0000265c       0x30 zephyr/drivers/console/libdrivers__console.a(uart_console.c.obj)
 .text.console_out
                0x0000268c       0x28 zephyr/drivers/console/libdrivers__console.a(uart_console.c.obj)
 .text.gpio_nrfx_manage_callback
                0x000026b4       0xac zephyr/drivers/gpio/libdrivers__gpio.a(gpio_nrfx.c.obj)
 .text.nrfx_gpio_handler
                0x00002760       0x98 zephyr/drivers/gpio/libdrivers__gpio.a(gpio_nrfx.c.obj)
 .text.gpio_nrfx_pin_interrupt_configure
                0x000027f8      0x130 zephyr/drivers/gpio/libdrivers__gpio.a(gpio_nrfx.c.obj)
 .text.gpio_nrfx_init
                0x00002928       0x38 zephyr/drivers/gpio/libdrivers__gpio.a(gpio_nrfx.c.obj)
 .text.gpio_nrfx_pin_configure
                0x00002960      0x15c zephyr/drivers/gpio/libdrivers__gpio.a(gpio_nrfx.c.obj)
 .text.uarte_nrfx_configure
                0x00002abc      0x164 zephyr/drivers/serial/libdrivers__serial.a(uart_nrfx_uarte.c.obj)
 .text.nrf_gpio_pin_port_decode
                0x00002c20       0x84 zephyr/drivers/serial/libdrivers__serial.a(uart_nrfx_uarte.c.obj)
 .text.uarte_nrfx_poll_out
                0x00002ca4       0xc4 zephyr/drivers/serial/libdrivers__serial.a(uart_nrfx_uarte.c.obj)
 .text.uarte_instance_init.isra.0
                0x00002d68      0x198 zephyr/drivers/serial/libdrivers__serial.a(uart_nrfx_uarte.c.obj)
 .text.sys_clock_timeout_handler
                0x00002f00       0x78 zephyr/drivers/timer/libdrivers__timer.a(nrf_rtc_timer.c.obj)
 .text.compare_int_lock
                0x00002f78       0x50 zephyr/drivers/timer/libdrivers__timer.a(nrf_rtc_timer.c.obj)
 .text.compare_int_unlock.part.0
                0x00002fc8       0x5c zephyr/drivers/timer/libdrivers__timer.a(nrf_rtc_timer.c.obj)
 .text.z_nrf_rtc_timer_read
                0x00003024       0x44 zephyr/drivers/timer/libdrivers__timer.a(nrf_rtc_timer.c.obj)
                0x00003024                z_nrf_rtc_timer_read
 .text.compare_set
                0x00003068      0x154 zephyr/drivers/timer/libdrivers__timer.a(nrf_rtc_timer.c.obj)
 .text.sys_clock_driver_init
                0x000031bc       0x84 zephyr/drivers/timer/libdrivers__timer.a(nrf_rtc_timer.c.obj)
 .text.rtc_nrf_isr
                0x00003240       0xf0 zephyr/drivers/timer/libdrivers__timer.a(nrf_rtc_timer.c.obj)
                0x00003240                rtc_nrf_isr
 .text.sys_clock_set_timeout
                0x00003330       0x60 zephyr/drivers/timer/libdrivers__timer.a(nrf_rtc_timer.c.obj)
                0x00003330                sys_clock_set_timeout
 .text.sys_clock_elapsed
                0x00003390       0x14 zephyr/drivers/timer/libdrivers__timer.a(nrf_rtc_timer.c.obj)
                0x00003390                sys_clock_elapsed
 .text.nrf_clock_is_running.constprop.0
                0x000033a4       0x68 modules/hal_nordic/nrfx/libmodules__hal_nordic__nrfx.a(nrfx_clock.c.obj)
 .text.nrfx_clock_init
                0x0000340c       0x48 modules/hal_nordic/nrfx/libmodules__hal_nordic__nrfx.a(nrfx_clock.c.obj)
                0x0000340c                nrfx_clock_init
 .text.nrfx_clock_enable
                0x00003454       0x40 modules/hal_nordic/nrfx/libmodules__hal_nordic__nrfx.a(nrfx_clock.c.obj)
                0x00003454                nrfx_clock_enable
 .text.nrfx_clock_start
                0x00003494       0xa8 modules/hal_nordic/nrfx/libmodules__hal_nordic__nrfx.a(nrfx_clock.c.obj)
                0x00003494                nrfx_clock_start
 .text.nrfx_clock_stop
                0x0000353c       0xdc modules/hal_nordic/nrfx/libmodules__hal_nordic__nrfx.a(nrfx_clock.c.obj)
                0x0000353c                nrfx_clock_stop
 .text.nrfx_power_clock_irq_handler
                0x00003618       0x68 modules/hal_nordic/nrfx/libmodules__hal_nordic__nrfx.a(nrfx_clock.c.obj)
                0x00003618                nrfx_power_clock_irq_handler
 .text.nrfx_flag32_alloc
                0x00003680       0x48 modules/hal_nordic/nrfx/libmodules__hal_nordic__nrfx.a(nrfx_flag32_allocator.c.obj)
                0x00003680                nrfx_flag32_alloc
 .text.nrfx_flag32_free
                0x000036c8       0x44 modules/hal_nordic/nrfx/libmodules__hal_nordic__nrfx.a(nrfx_flag32_allocator.c.obj)
                0x000036c8                nrfx_flag32_free
 .text.pin_is_task_output
                0x0000370c       0x1c modules/hal_nordic/nrfx/libmodules__hal_nordic__nrfx.a(nrfx_gpiote.c.obj)
 .text.call_handler
                0x00003728       0x3c modules/hal_nordic/nrfx/libmodules__hal_nordic__nrfx.a(nrfx_gpiote.c.obj)
 .text.release_handler
                0x00003764       0x80 modules/hal_nordic/nrfx/libmodules__hal_nordic__nrfx.a(nrfx_gpiote.c.obj)
 .text.pin_handler_trigger_uninit
                0x000037e4       0x34 modules/hal_nordic/nrfx/libmodules__hal_nordic__nrfx.a(nrfx_gpiote.c.obj)
 .text.nrf_gpio_pin_port_decode
                0x00003818       0x6c modules/hal_nordic/nrfx/libmodules__hal_nordic__nrfx.a(nrfx_gpiote.c.obj)
 .text.nrfx_gpiote_input_configure
                0x00003884      0x150 modules/hal_nordic/nrfx/libmodules__hal_nordic__nrfx.a(nrfx_gpiote.c.obj)
                0x00003884                nrfx_gpiote_input_configure
 .text.nrfx_gpiote_output_configure
                0x000039d4       0xe0 modules/hal_nordic/nrfx/libmodules__hal_nordic__nrfx.a(nrfx_gpiote.c.obj)
                0x000039d4                nrfx_gpiote_output_configure
 .text.nrfx_gpiote_global_callback_set
                0x00003ab4        0xc modules/hal_nordic/nrfx/libmodules__hal_nordic__nrfx.a(nrfx_gpiote.c.obj)
                0x00003ab4                nrfx_gpiote_global_callback_set
 .text.nrfx_gpiote_channel_get
                0x00003ac0       0x50 modules/hal_nordic/nrfx/libmodules__hal_nordic__nrfx.a(nrfx_gpiote.c.obj)
                0x00003ac0                nrfx_gpiote_channel_get
 .text.nrfx_gpiote_init
                0x00003b10       0x50 modules/hal_nordic/nrfx/libmodules__hal_nordic__nrfx.a(nrfx_gpiote.c.obj)
                0x00003b10                nrfx_gpiote_init
 .text.nrfx_gpiote_is_init
                0x00003b60       0x14 modules/hal_nordic/nrfx/libmodules__hal_nordic__nrfx.a(nrfx_gpiote.c.obj)
                0x00003b60                nrfx_gpiote_is_init
 .text.nrfx_gpiote_channel_free
                0x00003b74        0xc modules/hal_nordic/nrfx/libmodules__hal_nordic__nrfx.a(nrfx_gpiote.c.obj)
                0x00003b74                nrfx_gpiote_channel_free
 .text.nrfx_gpiote_channel_alloc
                0x00003b80        0xc modules/hal_nordic/nrfx/libmodules__hal_nordic__nrfx.a(nrfx_gpiote.c.obj)
                0x00003b80                nrfx_gpiote_channel_alloc
 .text.nrfx_gpiote_trigger_enable
                0x00003b8c       0xe0 modules/hal_nordic/nrfx/libmodules__hal_nordic__nrfx.a(nrfx_gpiote.c.obj)
                0x00003b8c                nrfx_gpiote_trigger_enable
 .text.nrfx_gpiote_trigger_disable
                0x00003c6c       0x44 modules/hal_nordic/nrfx/libmodules__hal_nordic__nrfx.a(nrfx_gpiote.c.obj)
                0x00003c6c                nrfx_gpiote_trigger_disable
 .text.nrfx_gpiote_pin_uninit
                0x00003cb0       0x48 modules/hal_nordic/nrfx/libmodules__hal_nordic__nrfx.a(nrfx_gpiote.c.obj)
                0x00003cb0                nrfx_gpiote_pin_uninit
 .text.nrfx_gpiote_irq_handler
                0x00003cf8      0x1b4 modules/hal_nordic/nrfx/libmodules__hal_nordic__nrfx.a(nrfx_gpiote.c.obj)
                0x00003cf8                nrfx_gpiote_irq_handler
 .text.nrfx_ppi_channel_alloc
                0x00003eac        0xc modules/hal_nordic/nrfx/libmodules__hal_nordic__nrfx.a(nrfx_ppi.c.obj)
                0x00003eac                nrfx_ppi_channel_alloc
 .text.nrf52_errata_36
                0x00003eb8       0x14 modules/hal_nordic/nrfx/libmodules__hal_nordic__nrfx.a(system_nrf52840.c.obj)
 .text.nrf52_errata_98
                0x00003ecc       0x28 modules/hal_nordic/nrfx/libmodules__hal_nordic__nrfx.a(system_nrf52840.c.obj)
 .text.nvmc_wait
                0x00003ef4       0x10 modules/hal_nordic/nrfx/libmodules__hal_nordic__nrfx.a(system_nrf52840.c.obj)
                0x00003ef4                nvmc_wait
 .text.SystemInit
                0x00003f04      0x1d0 modules/hal_nordic/nrfx/libmodules__hal_nordic__nrfx.a(system_nrf52840.c.obj)
                0x00003f04                SystemInit
 .text._DoInit  0x000040d4       0x6c modules/segger/libmodules__segger.a(SEGGER_RTT.c.obj)
 .text.z_sys_init_run_level
                0x00004140       0x40 zephyr/kernel/libkernel.a(device.c.obj)
                0x00004140                z_sys_init_run_level
 .text.z_impl_device_get_binding
                0x00004180       0x58 zephyr/kernel/libkernel.a(device.c.obj)
                0x00004180                z_impl_device_get_binding
 .text.z_fatal_error
                0x000041d8       0x64 zephyr/kernel/libkernel.a(fatal.c.obj)
                0x000041d8                z_fatal_error
 .text.idle     0x0000423c       0x58 zephyr/kernel/libkernel.a(idle.c.obj)
                0x0000423c                idle
 .text.init_idle_thread
                0x00004294       0x58 zephyr/kernel/libkernel.a(init.c.obj)
 .text.bg_thread_main
                0x000042ec       0x34 zephyr/kernel/libkernel.a(init.c.obj)
 .text.z_bss_zero
                0x00004320       0x14 zephyr/kernel/libkernel.a(init.c.obj)
                0x00004320                z_bss_zero
 .text.z_cstart
                0x00004334       0xe4 zephyr/kernel/libkernel.a(init.c.obj)
                0x00004334                z_cstart
 .text.init_mem_slab_module
                0x00004418       0x78 zephyr/kernel/libkernel.a(mem_slab.c.obj)
 .text.k_mem_slab_alloc
                0x00004490       0xd8 zephyr/kernel/libkernel.a(mem_slab.c.obj)
                0x00004490                k_mem_slab_alloc
 .text.k_mem_slab_free
                0x00004568       0xc8 zephyr/kernel/libkernel.a(mem_slab.c.obj)
                0x00004568                k_mem_slab_free
 .text.z_impl_k_mutex_lock
                0x00004630      0x200 zephyr/kernel/libkernel.a(mutex.c.obj)
                0x00004630                z_impl_k_mutex_lock
 .text.z_impl_k_mutex_unlock
                0x00004830      0x190 zephyr/kernel/libkernel.a(mutex.c.obj)
                0x00004830                z_impl_k_mutex_unlock
 .text.z_reset_time_slice
                0x000049c0       0x2c zephyr/kernel/libkernel.a(sched.c.obj)
                0x000049c0                z_reset_time_slice
 .text.k_sched_time_slice_set
                0x000049ec       0xcc zephyr/kernel/libkernel.a(sched.c.obj)
                0x000049ec                k_sched_time_slice_set
 .text.z_reschedule
                0x00004ab8       0x88 zephyr/kernel/libkernel.a(sched.c.obj)
                0x00004ab8                z_reschedule
 .text.k_sched_lock
                0x00004b40       0xe8 zephyr/kernel/libkernel.a(sched.c.obj)
                0x00004b40                k_sched_lock
 .text.z_priq_dumb_remove
                0x00004c28       0x44 zephyr/kernel/libkernel.a(sched.c.obj)
                0x00004c28                z_priq_dumb_remove
 .text.unpend_thread_no_timeout
                0x00004c6c       0x44 zephyr/kernel/libkernel.a(sched.c.obj)
 .text.update_cache
                0x00004cb0       0x70 zephyr/kernel/libkernel.a(sched.c.obj)
 .text.move_thread_to_end_of_prio_q
                0x00004d20       0xac zephyr/kernel/libkernel.a(sched.c.obj)
 .text.z_time_slice
                0x00004dcc       0xf0 zephyr/kernel/libkernel.a(sched.c.obj)
                0x00004dcc                z_time_slice
 .text.ready_thread
                0x00004ebc       0xa4 zephyr/kernel/libkernel.a(sched.c.obj)
 .text.z_ready_thread
                0x00004f60       0x90 zephyr/kernel/libkernel.a(sched.c.obj)
                0x00004f60                z_ready_thread
 .text.z_sched_start
                0x00004ff0       0xa8 zephyr/kernel/libkernel.a(sched.c.obj)
                0x00004ff0                z_sched_start
 .text.z_thread_timeout
                0x00005098       0xb4 zephyr/kernel/libkernel.a(sched.c.obj)
                0x00005098                z_thread_timeout
 .text.unready_thread
                0x0000514c       0x38 zephyr/kernel/libkernel.a(sched.c.obj)
 .text.add_to_waitq_locked
                0x00005184       0x84 zephyr/kernel/libkernel.a(sched.c.obj)
 .text.pend     0x00005208       0xbc zephyr/kernel/libkernel.a(sched.c.obj)
 .text.z_pend_curr
                0x000052c4       0x60 zephyr/kernel/libkernel.a(sched.c.obj)
                0x000052c4                z_pend_curr
 .text.z_set_prio
                0x00005324      0x138 zephyr/kernel/libkernel.a(sched.c.obj)
                0x00005324                z_set_prio
 .text.z_impl_k_thread_suspend
                0x0000545c       0xd4 zephyr/kernel/libkernel.a(sched.c.obj)
                0x0000545c                z_impl_k_thread_suspend
 .text.k_sched_unlock
                0x00005530       0xf8 zephyr/kernel/libkernel.a(sched.c.obj)
                0x00005530                k_sched_unlock
 .text.z_unpend_first_thread
                0x00005628       0xa0 zephyr/kernel/libkernel.a(sched.c.obj)
                0x00005628                z_unpend_first_thread
 .text.z_sched_init
                0x000056c8       0x18 zephyr/kernel/libkernel.a(sched.c.obj)
                0x000056c8                z_sched_init
 .text.z_impl_k_yield
                0x000056e0      0x148 zephyr/kernel/libkernel.a(sched.c.obj)
                0x000056e0                z_impl_k_yield
 .text.z_tick_sleep
                0x00005828      0x15c zephyr/kernel/libkernel.a(sched.c.obj)
 .text.z_impl_k_sleep
                0x00005984       0x70 zephyr/kernel/libkernel.a(sched.c.obj)
                0x00005984                z_impl_k_sleep
 .text.z_impl_z_current_get
                0x000059f4        0xc zephyr/kernel/libkernel.a(sched.c.obj)
                0x000059f4                z_impl_z_current_get
 .text.z_thread_abort
                0x00005a00      0x168 zephyr/kernel/libkernel.a(sched.c.obj)
                0x00005a00                z_thread_abort
 .text.z_impl_k_sem_give
                0x00005b68       0x7c zephyr/kernel/libkernel.a(sem.c.obj)
                0x00005b68                z_impl_k_sem_give
 .text.z_impl_k_sem_take
                0x00005be4      0x114 zephyr/kernel/libkernel.a(sem.c.obj)
                0x00005be4                z_impl_k_sem_take
 .text.z_setup_new_thread
                0x00005cf8       0xc8 zephyr/kernel/libkernel.a(thread.c.obj)
                0x00005cf8                z_setup_new_thread
 .text.z_impl_k_thread_create
                0x00005dc0       0x9c zephyr/kernel/libkernel.a(thread.c.obj)
                0x00005dc0                z_impl_k_thread_create
 .text.z_init_static_threads
                0x00005e5c      0x120 zephyr/kernel/libkernel.a(thread.c.obj)
                0x00005e5c                z_init_static_threads
 .text.z_spin_lock_valid
                0x00005f7c       0x1c zephyr/kernel/libkernel.a(thread.c.obj)
                0x00005f7c                z_spin_lock_valid
 .text.z_spin_unlock_valid
                0x00005f98       0x20 zephyr/kernel/libkernel.a(thread.c.obj)
                0x00005f98                z_spin_unlock_valid
 .text.z_spin_lock_set_owner
                0x00005fb8       0x10 zephyr/kernel/libkernel.a(thread.c.obj)
                0x00005fb8                z_spin_lock_set_owner
 .text.elapsed  0x00005fc8       0x14 zephyr/kernel/libkernel.a(timeout.c.obj)
 .text.next_timeout
                0x00005fdc       0x58 zephyr/kernel/libkernel.a(timeout.c.obj)
 .text.remove_timeout
                0x00006034       0x34 zephyr/kernel/libkernel.a(timeout.c.obj)
 .text.z_add_timeout
                0x00006068      0x1a8 zephyr/kernel/libkernel.a(timeout.c.obj)
                0x00006068                z_add_timeout
 .text.z_abort_timeout
                0x00006210       0x9c zephyr/kernel/libkernel.a(timeout.c.obj)
                0x00006210                z_abort_timeout
 .text.z_get_next_timeout_expiry
                0x000062ac       0x90 zephyr/kernel/libkernel.a(timeout.c.obj)
                0x000062ac                z_get_next_timeout_expiry
 .text.z_set_timeout_expiry
                0x0000633c       0xa0 zephyr/kernel/libkernel.a(timeout.c.obj)
                0x0000633c                z_set_timeout_expiry
 .text.sys_clock_announce
                0x000063dc      0x198 zephyr/kernel/libkernel.a(timeout.c.obj)
                0x000063dc                sys_clock_announce
 .text.sys_clock_tick_get
                0x00006574       0xa0 zephyr/kernel/libkernel.a(timeout.c.obj)
                0x00006574                sys_clock_tick_get
 .text.z_data_copy
                0x00006614       0x34 zephyr/kernel/libkernel.a(xip.c.obj)
                0x00006614                z_data_copy
 .text.boot_banner
                0x00006648       0x18 zephyr/kernel/libkernel.a(banner.c.obj)
                0x00006648                boot_banner
 .text.nrf_cc3xx_platform_init_no_rng
                0x00006660       0x38 C:/Users/bruno/ncs/v1.9.1/nrfxlib/crypto/nrf_cc310_platform/lib/cortex-m4/soft-float/no-interrupts/libnrf_cc310_platform_0.9.13.a(nrf_cc3xx_platform.c.obj)
                0x00006660                nrf_cc3xx_platform_init_no_rng
 .text.nrf_cc3xx_platform_abort
                0x00006698       0x24 C:/Users/bruno/ncs/v1.9.1/nrfxlib/crypto/nrf_cc310_platform/lib/cortex-m4/soft-float/no-interrupts/libnrf_cc310_platform_0.9.13.a(nrf_cc3xx_platform_abort.c.obj)
 .text.CC_PalAbort
                0x000066bc       0x40 C:/Users/bruno/ncs/v1.9.1/nrfxlib/crypto/nrf_cc310_platform/lib/cortex-m4/soft-float/no-interrupts/libnrf_cc310_platform_0.9.13.a(nrf_cc3xx_platform_abort.c.obj)
                0x000066bc                CC_PalAbort
 .text.nrf_cc3xx_platform_set_abort
                0x000066fc       0x10 C:/Users/bruno/ncs/v1.9.1/nrfxlib/crypto/nrf_cc310_platform/lib/cortex-m4/soft-float/no-interrupts/libnrf_cc310_platform_0.9.13.a(nrf_cc3xx_platform_abort.c.obj)
                0x000066fc                nrf_cc3xx_platform_set_abort
 .text.mutex_free
                0x0000670c       0x28 C:/Users/bruno/ncs/v1.9.1/nrfxlib/crypto/nrf_cc310_platform/lib/cortex-m4/soft-float/no-interrupts/libnrf_cc310_platform_0.9.13.a(nrf_cc3xx_platform_mutex.c.obj)
 .text.mutex_unlock
                0x00006734       0x2c C:/Users/bruno/ncs/v1.9.1/nrfxlib/crypto/nrf_cc310_platform/lib/cortex-m4/soft-float/no-interrupts/libnrf_cc310_platform_0.9.13.a(nrf_cc3xx_platform_mutex.c.obj)
 .text.mutex_init
                0x00006760       0x1c C:/Users/bruno/ncs/v1.9.1/nrfxlib/crypto/nrf_cc310_platform/lib/cortex-m4/soft-float/no-interrupts/libnrf_cc310_platform_0.9.13.a(nrf_cc3xx_platform_mutex.c.obj)
 .text.mutex_lock
                0x0000677c       0x44 C:/Users/bruno/ncs/v1.9.1/nrfxlib/crypto/nrf_cc310_platform/lib/cortex-m4/soft-float/no-interrupts/libnrf_cc310_platform_0.9.13.a(nrf_cc3xx_platform_mutex.c.obj)
 .text.nrf_cc3xx_platform_set_mutexes
                0x000067c0       0x60 C:/Users/bruno/ncs/v1.9.1/nrfxlib/crypto/nrf_cc310_platform/lib/cortex-m4/soft-float/no-interrupts/libnrf_cc310_platform_0.9.13.a(nrf_cc3xx_platform_mutex.c.obj)
                0x000067c0                nrf_cc3xx_platform_set_mutexes
 .text.CC_LibInitNoRng
                0x00006820       0x6c C:/Users/bruno/ncs/v1.9.1/nrfxlib/crypto/nrf_cc310_platform/lib/cortex-m4/soft-float/no-interrupts/libnrf_cc310_platform_0.9.13.a(cc_lib.c.obj)
                0x00006820                CC_LibInitNoRng
 .text.CC_HalInit
                0x0000688c        0x4 C:/Users/bruno/ncs/v1.9.1/nrfxlib/crypto/nrf_cc310_platform/lib/cortex-m4/soft-float/no-interrupts/libnrf_cc310_platform_0.9.13.a(cc_hal.c.obj)
                0x0000688c                CC_HalInit
 .text.CC_HalTerminate
                0x00006890        0x4 C:/Users/bruno/ncs/v1.9.1/nrfxlib/crypto/nrf_cc310_platform/lib/cortex-m4/soft-float/no-interrupts/libnrf_cc310_platform_0.9.13.a(cc_hal.c.obj)
                0x00006890                CC_HalTerminate
 .text.CC_HalMaskInterrupt
                0x00006894        0xc C:/Users/bruno/ncs/v1.9.1/nrfxlib/crypto/nrf_cc310_platform/lib/cortex-m4/soft-float/no-interrupts/libnrf_cc310_platform_0.9.13.a(cc_hal.c.obj)
                0x00006894                CC_HalMaskInterrupt
 .text.CC_PalInit
                0x000068a0       0x5c C:/Users/bruno/ncs/v1.9.1/nrfxlib/crypto/nrf_cc310_platform/lib/cortex-m4/soft-float/no-interrupts/libnrf_cc310_platform_0.9.13.a(cc_pal.c.obj)
                0x000068a0                CC_PalInit
 .text.CC_PalTerminate
                0x000068fc       0x34 C:/Users/bruno/ncs/v1.9.1/nrfxlib/crypto/nrf_cc310_platform/lib/cortex-m4/soft-float/no-interrupts/libnrf_cc310_platform_0.9.13.a(cc_pal.c.obj)
                0x000068fc                CC_PalTerminate
 .text.CC_PalDmaInit
                0x00006930        0x4 C:/Users/bruno/ncs/v1.9.1/nrfxlib/crypto/nrf_cc310_platform/lib/cortex-m4/soft-float/no-interrupts/libnrf_cc310_platform_0.9.13.a(cc_pal_dma.c.obj)
                0x00006930                CC_PalDmaInit
 .text.CC_PalDmaTerminate
                0x00006934        0x4 C:/Users/bruno/ncs/v1.9.1/nrfxlib/crypto/nrf_cc310_platform/lib/cortex-m4/soft-float/no-interrupts/libnrf_cc310_platform_0.9.13.a(cc_pal_dma.c.obj)
                0x00006934                CC_PalDmaTerminate
 .text.CC_PalMutexCreate
                0x00006938       0x14 C:/Users/bruno/ncs/v1.9.1/nrfxlib/crypto/nrf_cc310_platform/lib/cortex-m4/soft-float/no-interrupts/libnrf_cc310_platform_0.9.13.a(cc_pal_mutex.c.obj)
                0x00006938                CC_PalMutexCreate
 .text.CC_PalMutexDestroy
                0x0000694c       0x14 C:/Users/bruno/ncs/v1.9.1/nrfxlib/crypto/nrf_cc310_platform/lib/cortex-m4/soft-float/no-interrupts/libnrf_cc310_platform_0.9.13.a(cc_pal_mutex.c.obj)
                0x0000694c                CC_PalMutexDestroy
 .text.CC_PalPowerSaveModeInit
                0x00006960       0x3c C:/Users/bruno/ncs/v1.9.1/nrfxlib/crypto/nrf_cc310_platform/lib/cortex-m4/soft-float/no-interrupts/libnrf_cc310_platform_0.9.13.a(cc_pal_pm.c.obj)
                0x00006960                CC_PalPowerSaveModeInit
 .text.CC_PalPowerSaveModeSelect
                0x0000699c       0x84 C:/Users/bruno/ncs/v1.9.1/nrfxlib/crypto/nrf_cc310_platform/lib/cortex-m4/soft-float/no-interrupts/libnrf_cc310_platform_0.9.13.a(cc_pal_pm.c.obj)
                0x0000699c                CC_PalPowerSaveModeSelect
 .text.k_uptime_get
                0x00006a20       0x1c app/libapp.a(main.c.obj)
 .text.assert_post_action
                0x00006a3c        0xe zephyr/libzephyr.a(assert.c.obj)
                0x00006a3c                assert_post_action
 .text.encode_uint
                0x00006a4a       0x96 zephyr/libzephyr.a(cbprintf_complete.c.obj)
 .text.outs     0x00006ae0       0x2c zephyr/libzephyr.a(cbprintf_complete.c.obj)
 .text._ConfigAbsSyms
                0x00006b0c        0x2 zephyr/libzephyr.a(configs.c.obj)
                0x00006b0c                _ConfigAbsSyms
 .text.sys_notify_validate
                0x00006b0e       0x22 zephyr/libzephyr.a(notify.c.obj)
                0x00006b0e                sys_notify_validate
 .text.abort_function
                0x00006b30        0x8 zephyr/libzephyr.a(nrf_cc3xx_platform_abort_zephyr.c.obj)
 .text.process_recheck
                0x00006b38       0x38 zephyr/libzephyr.a(onoff.c.obj)
 .text.notify_one
                0x00006b70       0x2c zephyr/libzephyr.a(onoff.c.obj)
 .text.validate_args
                0x00006b9c       0x1e zephyr/libzephyr.a(onoff.c.obj)
 .text.onoff_manager_init
                0x00006bba       0x26 zephyr/libzephyr.a(onoff.c.obj)
                0x00006bba                onoff_manager_init
 .text.arch_printk_char_out
                0x00006be0        0x4 zephyr/libzephyr.a(printk.c.obj)
                0x00006be0                arch_printk_char_out
 .text.printk   0x00006be4       0x1a zephyr/libzephyr.a(printk.c.obj)
                0x00006be4                printk
 .text.pm_policy_next_state
                0x00006bfe        0xa zephyr/libzephyr.a(residency.c.obj)
                0x00006bfe                pm_policy_next_state
 .text.z_thread_entry
                0x00006c08       0x14 zephyr/libzephyr.a(thread_entry.c.obj)
                0x00006c08                z_thread_entry
 .text.z_arm_fatal_error
                0x00006c1c        0x4 zephyr/arch/arch/arm/core/aarch32/libarch__arm__core__aarch32.a(fatal.c.obj)
                0x00006c1c                z_arm_fatal_error
 .text.z_do_kernel_oops
                0x00006c20        0x8 zephyr/arch/arch/arm/core/aarch32/libarch__arm__core__aarch32.a(fatal.c.obj)
                0x00006c20                z_do_kernel_oops
 .text.z_irq_spurious
                0x00006c28        0x8 zephyr/arch/arch/arm/core/aarch32/libarch__arm__core__aarch32.a(irq_manage.c.obj)
                0x00006c28                z_irq_spurious
 .text.z_arm_nmi
                0x00006c30        0xe zephyr/arch/arch/arm/core/aarch32/libarch__arm__core__aarch32.a(nmi.c.obj)
                0x00006c30                z_arm_nmi
 .text._stdout_hook_default
                0x00006c3e        0x6 zephyr/lib/libc/minimal/liblib__libc__minimal.a(stdout_console.c.obj)
 .text.fputc    0x00006c44        0x4 zephyr/lib/libc/minimal/liblib__libc__minimal.a(stdout_console.c.obj)
                0x00006c44                fputc
 .text.strcpy   0x00006c48       0x14 zephyr/lib/libc/minimal/liblib__libc__minimal.a(string.c.obj)
                0x00006c48                strcpy
 .text.strlen   0x00006c5c        0xe zephyr/lib/libc/minimal/liblib__libc__minimal.a(string.c.obj)
                0x00006c5c                strlen
 .text.strnlen  0x00006c6a       0x12 zephyr/lib/libc/minimal/liblib__libc__minimal.a(string.c.obj)
                0x00006c6a                strnlen
 .text.strcmp   0x00006c7c       0x18 zephyr/lib/libc/minimal/liblib__libc__minimal.a(string.c.obj)
                0x00006c7c                strcmp
 .text.memcpy   0x00006c94       0x16 zephyr/lib/libc/minimal/liblib__libc__minimal.a(string.c.obj)
                0x00006c94                memcpy
 .text.memset   0x00006caa       0x12 zephyr/lib/libc/minimal/liblib__libc__minimal.a(string.c.obj)
                0x00006caa                memset
 .text.pm_power_state_set
                0x00006cbc       0x26 zephyr/soc/arm/nordic_nrf/nrf52/libsoc__arm__nordic_nrf__nrf52.a(power.c.obj)
                0x00006cbc                pm_power_state_set
 .text.pm_power_state_exit_post_ops
                0x00006ce2       0x16 zephyr/soc/arm/nordic_nrf/nrf52/libsoc__arm__nordic_nrf__nrf52.a(power.c.obj)
                0x00006ce2                pm_power_state_exit_post_ops
 .text.set_starting_state
                0x00006cf8       0x3c zephyr/drivers/clock_control/libdrivers__clock_control.a(clock_control_nrf.c.obj)
 .text.set_on_state
                0x00006d34       0x26 zephyr/drivers/clock_control/libdrivers__clock_control.a(clock_control_nrf.c.obj)
 .text.onoff_started_callback
                0x00006d5a        0xc zephyr/drivers/clock_control/libdrivers__clock_control.a(clock_control_nrf.c.obj)
 .text.lfclk_start
                0x00006d66        0x6 zephyr/drivers/clock_control/libdrivers__clock_control.a(clock_control_nrf.c.obj)
 .text.lfclk_stop
                0x00006d6c        0x6 zephyr/drivers/clock_control/libdrivers__clock_control.a(clock_control_nrf.c.obj)
 .text.api_stop
                0x00006d72        0x6 zephyr/drivers/clock_control/libdrivers__clock_control.a(clock_control_nrf.c.obj)
 .text.blocking_start_callback
                0x00006d78        0x6 zephyr/drivers/clock_control/libdrivers__clock_control.a(clock_control_nrf.c.obj)
 .text.api_start
                0x00006d7e       0x36 zephyr/drivers/clock_control/libdrivers__clock_control.a(clock_control_nrf.c.obj)
 .text.gpio_nrfx_port_get_raw
                0x00006db4        0xe zephyr/drivers/gpio/libdrivers__gpio.a(gpio_nrfx.c.obj)
 .text.gpio_nrfx_port_set_masked_raw
                0x00006dc2       0x16 zephyr/drivers/gpio/libdrivers__gpio.a(gpio_nrfx.c.obj)
 .text.gpio_nrfx_port_set_bits_raw
                0x00006dd8        0xc zephyr/drivers/gpio/libdrivers__gpio.a(gpio_nrfx.c.obj)
 .text.gpio_nrfx_port_clear_bits_raw
                0x00006de4        0xc zephyr/drivers/gpio/libdrivers__gpio.a(gpio_nrfx.c.obj)
 .text.gpio_nrfx_port_toggle_bits
                0x00006df0       0x12 zephyr/drivers/gpio/libdrivers__gpio.a(gpio_nrfx.c.obj)
 .text.uarte_nrfx_isr_int
                0x00006e02       0x74 zephyr/drivers/serial/libdrivers__serial.a(uart_nrfx_uarte.c.obj)
 .text.uarte_nrfx_config_get
                0x00006e76       0x10 zephyr/drivers/serial/libdrivers__serial.a(uart_nrfx_uarte.c.obj)
 .text.uarte_nrfx_err_check
                0x00006e86        0xe zephyr/drivers/serial/libdrivers__serial.a(uart_nrfx_uarte.c.obj)
 .text.is_tx_ready
                0x00006e94       0x20 zephyr/drivers/serial/libdrivers__serial.a(uart_nrfx_uarte.c.obj)
 .text.uarte_nrfx_poll_in
                0x00006eb4       0x26 zephyr/drivers/serial/libdrivers__serial.a(uart_nrfx_uarte.c.obj)
 .text.uarte_0_init
                0x00006eda       0x1e zephyr/drivers/serial/libdrivers__serial.a(uart_nrfx_uarte.c.obj)
 .text.uarte_1_init
                0x00006ef8       0x1e zephyr/drivers/serial/libdrivers__serial.a(uart_nrfx_uarte.c.obj)
 .text.sys_clock_idle_exit
                0x00006f16        0x2 zephyr/drivers/timer/libdrivers__timer.a(sys_clock_init.c.obj)
                0x00006f16                sys_clock_idle_exit
 .text.k_sys_fatal_error_handler
                0x00006f18        0x8 modules/nrf/lib/fatal_error/lib..__nrf__lib__fatal_error.a(fatal_error.c.obj)
                0x00006f18                k_sys_fatal_error_handler
 .text.hw_cc3xx_init_internal
                0x00006f20        0x4 modules/nrf/drivers/hw_cc310/lib..__nrf__drivers__hw_cc310.a(hw_cc310.c.obj)
 .text.hw_cc3xx_init
                0x00006f24       0x12 modules/nrf/drivers/hw_cc310/lib..__nrf__drivers__hw_cc310.a(hw_cc310.c.obj)
 .text.nrfx_isr
                0x00006f36        0x2 modules/hal_nordic/nrfx/libmodules__hal_nordic__nrfx.a(nrfx_glue.c.obj)
                0x00006f36                nrfx_isr
 .text.nrfx_busy_wait
                0x00006f38        0x4 modules/hal_nordic/nrfx/libmodules__hal_nordic__nrfx.a(nrfx_glue.c.obj)
                0x00006f38                nrfx_busy_wait
 .text.nrf_gpio_pin_present_check
                0x00006f3c       0x22 modules/hal_nordic/nrfx/libmodules__hal_nordic__nrfx.a(nrfx_gpiote.c.obj)
 .text.nrf_gpiote_in_event_get
                0x00006f5e        0x8 modules/hal_nordic/nrfx/libmodules__hal_nordic__nrfx.a(nrfx_gpiote.c.obj)
 .text.nrf_gpio_reconfigure
                0x00006f66       0x96 modules/hal_nordic/nrfx/libmodules__hal_nordic__nrfx.a(nrfx_gpiote.c.obj)
 .text.nrf_gpio_cfg_sense_set
                0x00006ffc       0x1e modules/hal_nordic/nrfx/libmodules__hal_nordic__nrfx.a(nrfx_gpiote.c.obj)
 .text.SEGGER_RTT_Init
                0x0000701a        0x4 modules/segger/libmodules__segger.a(SEGGER_RTT.c.obj)
                0x0000701a                SEGGER_RTT_Init
 .text.rtt_init
                0x0000701e        0xa modules/segger/libmodules__segger.a(SEGGER_RTT_zephyr.c.obj)
 .text.z_device_state_init
                0x00007028        0x2 zephyr/kernel/libkernel.a(device.c.obj)
                0x00007028                z_device_state_init
 .text.z_device_ready
                0x0000702a       0x14 zephyr/kernel/libkernel.a(device.c.obj)
                0x0000702a                z_device_ready
 .text.z_pm_save_idle_exit
                0x0000703e        0xe zephyr/kernel/libkernel.a(idle.c.obj)
                0x0000703e                z_pm_save_idle_exit
 .text.k_mem_slab_init
                0x0000704c       0x38 zephyr/kernel/libkernel.a(mem_slab.c.obj)
                0x0000704c                k_mem_slab_init
 .text.z_impl_k_mutex_init
                0x00007084        0xe zephyr/kernel/libkernel.a(mutex.c.obj)
                0x00007084                z_impl_k_mutex_init
 .text.z_reschedule_irqlock
                0x00007092       0x18 zephyr/kernel/libkernel.a(sched.c.obj)
                0x00007092                z_reschedule_irqlock
 .text.z_reschedule_unlocked
                0x000070aa       0x14 zephyr/kernel/libkernel.a(sched.c.obj)
 .text.z_priq_dumb_best
                0x000070be       0x14 zephyr/kernel/libkernel.a(sched.c.obj)
                0x000070be                z_priq_dumb_best
 .text.z_impl_k_sem_init
                0x000070d2       0x18 zephyr/kernel/libkernel.a(sem.c.obj)
                0x000070d2                z_impl_k_sem_init
 .text.k_is_in_isr
                0x000070ea        0xc zephyr/kernel/libkernel.a(thread.c.obj)
                0x000070ea                k_is_in_isr
 .text.sys_clock_tick_get_32
                0x000070f6        0x8 zephyr/kernel/libkernel.a(timeout.c.obj)
                0x000070f6                sys_clock_tick_get_32
 .text.z_impl_k_uptime_ticks
                0x000070fe        0x4 zephyr/kernel/libkernel.a(timeout.c.obj)
                0x000070fe                z_impl_k_uptime_ticks
 .text.z_impl_k_busy_wait
                0x00007102        0x8 zephyr/kernel/libkernel.a(timeout.c.obj)
                0x00007102                z_impl_k_busy_wait
 .text._OffsetAbsSyms
                0x0000710a        0x2 zephyr/CMakeFiles/offsets.dir/./arch/arm/core/offsets/offsets.c.obj
                0x0000710a                _OffsetAbsSyms
 *(SORT_BY_ALIGNMENT(.TEXT.*))
 .TEXT.z_arm_platform_init
                0x0000710c        0x4 zephyr/libzephyr.a(soc_nrf_common.S.obj)
                0x0000710c                z_arm_platform_init
 *(SORT_BY_ALIGNMENT(.gnu.linkonce.t.*))
 *(SORT_BY_ALIGNMENT(.glue_7t))
 .glue_7t       0x00007110        0x0 linker stubs
 *(SORT_BY_ALIGNMENT(.glue_7))
 .glue_7        0x00007110        0x0 linker stubs
 *(SORT_BY_ALIGNMENT(.vfp11_veneer))
 .vfp11_veneer  0x00007110        0x0 linker stubs
 *(SORT_BY_ALIGNMENT(.v4_bx))
 .v4_bx         0x00007110        0x0 linker stubs
                0x00007110                __text_region_end = .

.ARM.exidx      0x00007110        0x8
                0x00007110                __exidx_start = .
 *(SORT_BY_ALIGNMENT(.ARM.exidx*) SORT_BY_ALIGNMENT(gnu.linkonce.armexidx.*))
 .ARM.exidx     0x00007110        0x8 c:/users/bruno/ncs/v1.9.1/toolchain/opt/bin/../lib/gcc/arm-none-eabi/9.2.1/thumb/v7e-m/nofp\libgcc.a(_udivmoddi4.o)
                0x00007118                __exidx_end = .
                0x00007118                __rodata_region_start = .

initlevel       0x00007118       0x60
                0x00007118                __init_start = .
                0x00007118                __init_PRE_KERNEL_1_start = .
 *(SORT_BY_NAME(SORT_BY_ALIGNMENT(.z_init_PRE_KERNEL_1[0-9]_*)))
 .z_init_PRE_KERNEL_10_
                0x00007118        0x8 zephyr/soc/arm/nordic_nrf/nrf52/libsoc__arm__nordic_nrf__nrf52.a(soc.c.obj)
 *(SORT_BY_NAME(SORT_BY_ALIGNMENT(.z_init_PRE_KERNEL_1[1-9][0-9]_*)))
 .z_init_PRE_KERNEL_130_
                0x00007120        0x8 zephyr/drivers/clock_control/libdrivers__clock_control.a(clock_control_nrf.c.obj)
 .z_init_PRE_KERNEL_130_
                0x00007128        0x8 modules/segger/libmodules__segger.a(SEGGER_RTT_zephyr.c.obj)
 .z_init_PRE_KERNEL_130_
                0x00007130        0x8 zephyr/kernel/libkernel.a(mem_slab.c.obj)
 .z_init_PRE_KERNEL_140_
                0x00007138       0x10 zephyr/drivers/gpio/libdrivers__gpio.a(gpio_nrfx.c.obj)
 .z_init_PRE_KERNEL_140_
                0x00007148        0x8 modules/nrf/drivers/hw_cc310/lib..__nrf__drivers__hw_cc310.a(hw_cc310.c.obj)
 .z_init_PRE_KERNEL_155_
                0x00007150       0x10 zephyr/drivers/serial/libdrivers__serial.a(uart_nrfx_uarte.c.obj)
 .z_init_PRE_KERNEL_160_
                0x00007160        0x8 zephyr/drivers/console/libdrivers__console.a(uart_console.c.obj)
                0x00007168                __init_PRE_KERNEL_2_start = .
 *(SORT_BY_NAME(SORT_BY_ALIGNMENT(.z_init_PRE_KERNEL_2[0-9]_*)))
 .z_init_PRE_KERNEL_20_
                0x00007168        0x8 zephyr/drivers/timer/libdrivers__timer.a(nrf_rtc_timer.c.obj)
 *(SORT_BY_NAME(SORT_BY_ALIGNMENT(.z_init_PRE_KERNEL_2[1-9][0-9]_*)))
                0x00007170                __init_POST_KERNEL_start = .
 *(SORT_BY_NAME(SORT_BY_ALIGNMENT(.z_init_POST_KERNEL[0-9]_*)))
 *(SORT_BY_NAME(SORT_BY_ALIGNMENT(.z_init_POST_KERNEL[1-9][0-9]_*)))
 .z_init_POST_KERNEL40_
                0x00007170        0x8 modules/nrf/drivers/hw_cc310/lib..__nrf__drivers__hw_cc310.a(hw_cc310.c.obj)
                0x00007178                __init_APPLICATION_start = .
 *(SORT_BY_NAME(SORT_BY_ALIGNMENT(.z_init_APPLICATION[0-9]_*)))
 *(SORT_BY_NAME(SORT_BY_ALIGNMENT(.z_init_APPLICATION[1-9][0-9]_*)))
                0x00007178                __init_SMP_start = .
 *(SORT_BY_NAME(SORT_BY_ALIGNMENT(.z_init_SMP[0-9]_*)))
 *(SORT_BY_NAME(SORT_BY_ALIGNMENT(.z_init_SMP[1-9][0-9]_*)))
                0x00007178                __init_end = .

devices         0x00007178       0x78
                0x00007178                __device_start = .
                0x00007178                __device_PRE_KERNEL_1_start = .
 *(SORT_BY_NAME(SORT_BY_ALIGNMENT(.z_device_PRE_KERNEL_1[0-9]_*)))
 *(SORT_BY_NAME(SORT_BY_ALIGNMENT(.z_device_PRE_KERNEL_1[1-9][0-9]_*)))
 .z_device_PRE_KERNEL_130_
                0x00007178       0x18 zephyr/drivers/clock_control/libdrivers__clock_control.a(clock_control_nrf.c.obj)
                0x00007178                __device_dts_ord_28
 .z_device_PRE_KERNEL_140_
                0x00007190       0x30 zephyr/drivers/gpio/libdrivers__gpio.a(gpio_nrfx.c.obj)
                0x00007190                __device_dts_ord_11
                0x000071a8                __device_dts_ord_55
 .z_device_PRE_KERNEL_155_
                0x000071c0       0x30 zephyr/drivers/serial/libdrivers__serial.a(uart_nrfx_uarte.c.obj)
                0x000071c0                __device_dts_ord_64
                0x000071d8                __device_dts_ord_63
                0x000071f0                __device_PRE_KERNEL_2_start = .
 *(SORT_BY_NAME(SORT_BY_ALIGNMENT(.z_device_PRE_KERNEL_2[0-9]_*)))
 *(SORT_BY_NAME(SORT_BY_ALIGNMENT(.z_device_PRE_KERNEL_2[1-9][0-9]_*)))
                0x000071f0                __device_POST_KERNEL_start = .
 *(SORT_BY_NAME(SORT_BY_ALIGNMENT(.z_device_POST_KERNEL[0-9]_*)))
 *(SORT_BY_NAME(SORT_BY_ALIGNMENT(.z_device_POST_KERNEL[1-9][0-9]_*)))
                0x000071f0                __device_APPLICATION_start = .
 *(SORT_BY_NAME(SORT_BY_ALIGNMENT(.z_device_APPLICATION[0-9]_*)))
 *(SORT_BY_NAME(SORT_BY_ALIGNMENT(.z_device_APPLICATION[1-9][0-9]_*)))
                0x000071f0                __device_SMP_start = .
 *(SORT_BY_NAME(SORT_BY_ALIGNMENT(.z_device_SMP[0-9]_*)))
 *(SORT_BY_NAME(SORT_BY_ALIGNMENT(.z_device_SMP[1-9][0-9]_*)))
                0x000071f0                __device_end = .

sw_isr_table    0x000071f0      0x180
                0x000071f0                . = ALIGN (0x0)
 *(SORT_BY_ALIGNMENT(.gnu.linkonce.sw_isr_table*))
 .gnu.linkonce.sw_isr_table
                0x000071f0      0x180 zephyr/CMakeFiles/zephyr_final.dir/isr_tables.c.obj
                0x000071f0                _sw_isr_table

initlevel_error
                0x00007118        0x0
 *(SORT_BY_NAME(SORT_BY_ALIGNMENT(.z_init_[_A-Z0-9]*)))
                0x00000001                ASSERT ((SIZEOF (initlevel_error) == 0x0), Undefined initialization levels used.)

app_shmem_regions
                0x00007370        0x0
                0x00007370                __app_shmem_regions_start = .
 *(SORT_BY_NAME(SORT_BY_ALIGNMENT(.app_regions.*)))
                0x00007370                __app_shmem_regions_end = .

bt_l2cap_fixed_chan_area
                0x00007370        0x0
                0x00007370                _bt_l2cap_fixed_chan_list_start = .
 *(SORT_BY_NAME(SORT_BY_ALIGNMENT(._bt_l2cap_fixed_chan.static.*)))
                0x00007370                _bt_l2cap_fixed_chan_list_end = .

bt_gatt_service_static_area
                0x00007370        0x0
                0x00007370                _bt_gatt_service_static_list_start = .
 *(SORT_BY_NAME(SORT_BY_ALIGNMENT(._bt_gatt_service_static.static.*)))
                0x00007370                _bt_gatt_service_static_list_end = .

k_p4wq_initparam_area
                0x00007370        0x0
                0x00007370                _k_p4wq_initparam_list_start = .
 *(SORT_BY_NAME(SORT_BY_ALIGNMENT(._k_p4wq_initparam.static.*)))
                0x00007370                _k_p4wq_initparam_list_end = .

log_strings_sections
                0x00007370        0x0
                0x00007370                __log_strings_start = .
 *(SORT_BY_NAME(SORT_BY_ALIGNMENT(.log_strings*)))
                0x00007370                __log_strings_end = .

log_const_sections
                0x00007370        0x0
                0x00007370                __log_const_start = .
 *(SORT_BY_NAME(SORT_BY_ALIGNMENT(.log_const_*)))
                0x00007370                __log_const_end = .

log_backends_sections
                0x00007370        0x0
                0x00007370                __log_backends_start = .
 *(SORT_BY_ALIGNMENT(._log_backend.*))
                0x00007370                __log_backends_end = .

shell_area      0x00007370        0x0
                0x00007370                _shell_list_start = .
 *(SORT_BY_NAME(SORT_BY_ALIGNMENT(._shell.static.*)))
                0x00007370                _shell_list_end = .

shell_root_cmds_sections
                0x00007370        0x0
                0x00007370                __shell_root_cmds_start = .
 *(SORT_BY_NAME(SORT_BY_ALIGNMENT(.shell_root_cmd_*)))
                0x00007370                __shell_root_cmds_end = .

font_entry_sections
                0x00007370        0x0
                0x00007370                __font_entry_start = .
 *(SORT_BY_NAME(SORT_BY_ALIGNMENT(._cfb_font.*)))
                0x00007370                __font_entry_end = .

tracing_backend_area
                0x00007370        0x0
                0x00007370                _tracing_backend_list_start = .
 *(SORT_BY_NAME(SORT_BY_ALIGNMENT(._tracing_backend.static.*)))
                0x00007370                _tracing_backend_list_end = .

zephyr_dbg_info
 *(SORT_BY_ALIGNMENT(.dbg_thread_info))

device_handles  0x00007370       0x1e
                0x00007370                __device_handles_start = .
 *(SORT_BY_NAME(SORT_BY_ALIGNMENT(.__device_handles_pass2*)))
 .__device_handles_pass2
                0x00007370       0x1e zephyr/CMakeFiles/zephyr_final.dir/dev_handles.c.obj
                0x00007370                __devicehdl_DT_N_S_soc_S_uart_40002000
                0x00007376                __devicehdl_DT_N_S_soc_S_uart_40028000
                0x0000737c                __devicehdl_DT_N_S_soc_S_gpio_50000300
                0x00007382                __devicehdl_DT_N_S_soc_S_gpio_50000000
                0x00007388                __devicehdl_DT_N_S_soc_S_clock_40000000
                0x0000738e                __device_handles_end = .

rodata          0x00007390     0x10c0
 *(SORT_BY_ALIGNMENT(.rodata))
 *(SORT_BY_ALIGNMENT(.rodata.*))
 .rodata.delay_machine_code.12406
                0x00007390        0x6 zephyr/soc/arm/nordic_nrf/nrf52/libsoc__arm__nordic_nrf__nrf52.a(soc.c.obj)
 *fill*         0x00007396        0x2 
 .rodata.apis   0x00007398        0x8 zephyr/libzephyr.a(nrf_cc3xx_platform_abort_zephyr.c.obj)
 .rodata.mutex_apis
                0x000073a0       0x10 zephyr/libzephyr.a(nrf_cc3xx_platform_mutex_zephyr.c.obj)
 .rodata.mutexes
                0x000073b0       0x14 zephyr/libzephyr.a(nrf_cc3xx_platform_mutex_zephyr.c.obj)
 .rodata.static_regions
                0x000073c4        0xc zephyr/arch/arch/arm/core/aarch32/mpu/libarch__arm__core__aarch32__mpu.a(arm_core_mpu.c.obj)
 .rodata.mpu_config
                0x000073d0        0x8 zephyr/soc/arm/common/cortex_m/libsoc__arm__common__cortex_m.a(arm_mpu_regions.c.obj)
                0x000073d0                mpu_config
 .rodata.mpu_regions
                0x000073d8       0x18 zephyr/soc/arm/common/cortex_m/libsoc__arm__common__cortex_m.a(arm_mpu_regions.c.obj)
 .rodata.clock_control_api
                0x000073f0       0x18 zephyr/drivers/clock_control/libdrivers__clock_control.a(clock_control_nrf.c.obj)
 .rodata.config
                0x00007408       0x10 zephyr/drivers/clock_control/libdrivers__clock_control.a(clock_control_nrf.c.obj)
 .rodata.transitions.11165
                0x00007418        0xc zephyr/drivers/clock_control/libdrivers__clock_control.a(clock_control_nrf.c.obj)
 .rodata.gpio_nrfx_drv_api_funcs
                0x00007424       0x24 zephyr/drivers/gpio/libdrivers__gpio.a(gpio_nrfx.c.obj)
 .rodata.gpio_nrfx_p0_cfg
                0x00007448       0x10 zephyr/drivers/gpio/libdrivers__gpio.a(gpio_nrfx.c.obj)
 .rodata.gpio_nrfx_p1_cfg
                0x00007458       0x10 zephyr/drivers/gpio/libdrivers__gpio.a(gpio_nrfx.c.obj)
 .rodata.uart_nrfx_uarte_driver_api
                0x00007468       0x14 zephyr/drivers/serial/libdrivers__serial.a(uart_nrfx_uarte.c.obj)
 .rodata.uarte_0z_config
                0x0000747c       0x20 zephyr/drivers/serial/libdrivers__serial.a(uart_nrfx_uarte.c.obj)
 .rodata.uarte_1z_config
                0x0000749c       0x20 zephyr/drivers/serial/libdrivers__serial.a(uart_nrfx_uarte.c.obj)
 .rodata.levels.9430
                0x000074bc       0x14 zephyr/kernel/libkernel.a(device.c.obj)
 .rodata._k_neg_eagain
                0x000074d0        0x4 zephyr/kernel/libkernel.a(errno.c.obj)
                0x000074d0                _k_neg_eagain
 .rodata.CSWTCH.8
                0x000074d4       0x1c C:/Users/bruno/ncs/v1.9.1/nrfxlib/crypto/nrf_cc310_platform/lib/cortex-m4/soft-float/no-interrupts/libnrf_cc310_platform_0.9.13.a(nrf_cc3xx_platform.c.obj)
 .rodata.mutex_free.str1.4
                0x000074f0       0x26 C:/Users/bruno/ncs/v1.9.1/nrfxlib/crypto/nrf_cc310_platform/lib/cortex-m4/soft-float/no-interrupts/libnrf_cc310_platform_0.9.13.a(nrf_cc3xx_platform_mutex.c.obj)
 *fill*         0x00007516        0x2 
 .rodata.mutex_init.str1.4
                0x00007518       0x23 C:/Users/bruno/ncs/v1.9.1/nrfxlib/crypto/nrf_cc310_platform/lib/cortex-m4/soft-float/no-interrupts/libnrf_cc310_platform_0.9.13.a(nrf_cc3xx_platform_mutex.c.obj)
 *fill*         0x0000753b        0x1 
 .rodata.CC_PalPowerSaveModeInit.str1.4
                0x0000753c       0x20 C:/Users/bruno/ncs/v1.9.1/nrfxlib/crypto/nrf_cc310_platform/lib/cortex-m4/soft-float/no-interrupts/libnrf_cc310_platform_0.9.13.a(cc_pal_pm.c.obj)
 .rodata.thread_A_code.str1.1
                0x0000755c       0x70 app/libapp.a(main.c.obj)
 .rodata.thread_B_code.str1.1
                0x000075cc       0xa8 app/libapp.a(main.c.obj)
 .rodata.thread_C_code.str1.1
                0x00007674       0x8a app/libapp.a(main.c.obj)
 .rodata.main.str1.1
                0x000076fe       0x76 app/libapp.a(main.c.obj)
 .rodata.cbvprintf.str1.1
                0x00007774        0x6 zephyr/libzephyr.a(cbprintf_complete.c.obj)
 .rodata.sys_notify_finalize.str1.1
                0x0000777a       0x40 zephyr/libzephyr.a(notify.c.obj)
                                 0x42 (size before relaxing)
 .rodata.mutex_free_platform.str1.1
                0x000077ba       0x26 zephyr/libzephyr.a(nrf_cc3xx_platform_mutex_zephyr.c.obj)
 .rodata.mutex_init_platform.str1.1
                0x000077e0       0x2d zephyr/libzephyr.a(nrf_cc3xx_platform_mutex_zephyr.c.obj)
 .rodata.process_event.str1.1
                0x0000780d      0x122 zephyr/libzephyr.a(onoff.c.obj)
                                0x141 (size before relaxing)
 .rodata.pm_state_notify.str1.1
                0x0000792f       0x9c zephyr/libzephyr.a(pm.c.obj)
 .rodata.sys_reboot.str1.1
                0x0000792f       0x29 zephyr/libzephyr.a(reboot.c.obj)
 .rodata.z_arm_irq_priority_set.str1.1
                0x00007958       0x91 zephyr/arch/arch/arm/core/aarch32/libarch__arm__core__aarch32.a(irq_manage.c.obj)
                                 0xae (size before relaxing)
 .rodata.mem_manage_fault.str1.1
                0x000079e9       0xa7 zephyr/arch/arch/arm/core/aarch32/cortex_m/libarch__arm__core__aarch32__cortex_m.a(fault.c.obj)
                                 0xc4 (size before relaxing)
 .rodata.z_arm_fault.str1.1
                0x00007a90       0xa5 zephyr/arch/arch/arm/core/aarch32/cortex_m/libarch__arm__core__aarch32__cortex_m.a(fault.c.obj)
                                 0xa7 (size before relaxing)
 .rodata.arm_core_mpu_configure_static_mpu_regions.str1.1
                0x00007b35       0x63 zephyr/arch/arch/arm/core/aarch32/mpu/libarch__arm__core__aarch32__mpu.a(arm_mpu.c.obj)
                                 0x82 (size before relaxing)
 .rodata.arm_core_mpu_configure_dynamic_mpu_regions.str1.1
                0x00007b98       0x2d zephyr/arch/arch/arm/core/aarch32/mpu/libarch__arm__core__aarch32__mpu.a(arm_mpu.c.obj)
 .rodata.z_arm_mpu_init.str1.1
                0x00007bc5       0xa5 zephyr/arch/arch/arm/core/aarch32/mpu/libarch__arm__core__aarch32__mpu.a(arm_mpu.c.obj)
 .rodata.str1.1
                0x00007c6a        0xf zephyr/soc/arm/common/cortex_m/libsoc__arm__common__cortex_m.a(arm_mpu_regions.c.obj)
 .rodata.CSWTCH.9
                0x00007c79        0x6 zephyr/soc/arm/nordic_nrf/nrf52/libsoc__arm__nordic_nrf__nrf52.a(soc.c.obj)
 .rodata.get_status.str1.1
                0x00007c7f       0x61 zephyr/drivers/clock_control/libdrivers__clock_control.a(clock_control_nrf.c.obj)
                                 0x7e (size before relaxing)
 .rodata.clock_event_handler.str1.1
                0x00007ce0        0x2 zephyr/drivers/clock_control/libdrivers__clock_control.a(clock_control_nrf.c.obj)
 .rodata.z_nrf_clock_control_lf_on.str1.1
                0x00007ce0        0x9 zephyr/drivers/clock_control/libdrivers__clock_control.a(clock_control_nrf.c.obj)
 .rodata.str1.1
                0x00007ce9        0x6 zephyr/drivers/clock_control/libdrivers__clock_control.a(clock_control_nrf.c.obj)
 .rodata.gpio_nrfx_manage_callback.str1.1
                0x00007cef       0x6e zephyr/drivers/gpio/libdrivers__gpio.a(gpio_nrfx.c.obj)
                                 0x8b (size before relaxing)
 .rodata.nrfx_gpio_handler.str1.1
                0x00007d5d        0xc zephyr/drivers/gpio/libdrivers__gpio.a(gpio_nrfx.c.obj)
 .rodata.gpio_nrfx_pin_interrupt_configure.str1.1
                0x00007d69       0x56 zephyr/drivers/gpio/libdrivers__gpio.a(gpio_nrfx.c.obj)
                                 0x58 (size before relaxing)
 .rodata.str1.1
                0x00007dbf        0xe zephyr/drivers/gpio/libdrivers__gpio.a(gpio_nrfx.c.obj)
 .rodata.nrf_gpio_pin_port_decode.str1.1
                0x00007dcd       0x75 zephyr/drivers/serial/libdrivers__serial.a(uart_nrfx_uarte.c.obj)
 .rodata.str1.1
                0x00007dcd        0xe zephyr/drivers/serial/libdrivers__serial.a(uart_nrfx_uarte.c.obj)
 .rodata.nrf_clock_is_running.constprop.0.str1.1
                0x00007ddb       0x34 modules/hal_nordic/nrfx/libmodules__hal_nordic__nrfx.a(nrfx_clock.c.obj)
                                 0x53 (size before relaxing)
 .rodata.nrfx_clock_init.str1.1
                0x00007e0f       0x4b modules/hal_nordic/nrfx/libmodules__hal_nordic__nrfx.a(nrfx_clock.c.obj)
 .rodata.nrfx_clock_enable.str1.1
                0x00007e5a       0x1e modules/hal_nordic/nrfx/libmodules__hal_nordic__nrfx.a(nrfx_clock.c.obj)
 .rodata.legacy_handler.str1.1
                0x00007e78       0x64 modules/hal_nordic/nrfx/libmodules__hal_nordic__nrfx.a(nrfx_gpiote.c.obj)
                                 0x81 (size before relaxing)
 .rodata.release_handler.str1.1
                0x00007edc       0x14 modules/hal_nordic/nrfx/libmodules__hal_nordic__nrfx.a(nrfx_gpiote.c.obj)
 .rodata.nrf_gpio_pin_port_decode.str1.1
                0x00007ef0       0x58 modules/hal_nordic/nrfx/libmodules__hal_nordic__nrfx.a(nrfx_gpiote.c.obj)
 .rodata.nrfx_gpiote_channel_get.str1.1
                0x00007ef0        0xa modules/hal_nordic/nrfx/libmodules__hal_nordic__nrfx.a(nrfx_gpiote.c.obj)
 .rodata.nrfx_gpiote_trigger_enable.str1.1
                0x00007efa       0x20 modules/hal_nordic/nrfx/libmodules__hal_nordic__nrfx.a(nrfx_gpiote.c.obj)
 .rodata.CSWTCH.14
                0x00007f1a        0x6 modules/hal_nordic/nrfx/libmodules__hal_nordic__nrfx.a(system_nrf52840.c.obj)
 .rodata.CSWTCH.5
                0x00007f20        0x6 modules/hal_nordic/nrfx/libmodules__hal_nordic__nrfx.a(system_nrf52840.c.obj)
 .rodata._DoInit.str1.1
                0x00007f26       0x14 modules/segger/libmodules__segger.a(SEGGER_RTT.c.obj)
 .rodata.z_fatal_error.str1.1
                0x00007f3a       0x74 zephyr/kernel/libkernel.a(fatal.c.obj)
                                 0x91 (size before relaxing)
 .rodata.idle.str1.1
                0x00007fae       0x49 zephyr/kernel/libkernel.a(idle.c.obj)
                                 0x66 (size before relaxing)
 .rodata.z_cstart.str1.1
                0x00007ff7        0x5 zephyr/kernel/libkernel.a(init.c.obj)
 .rodata.init_mem_slab_module.str1.1
                0x00007ffc       0x61 zephyr/kernel/libkernel.a(mem_slab.c.obj)
                                 0x7e (size before relaxing)
 .rodata.k_mem_slab_alloc.str1.1
                0x0000805d       0x7f zephyr/kernel/libkernel.a(mem_slab.c.obj)
 .rodata.z_impl_k_mutex_lock.str1.1
                0x0000805d       0x59 zephyr/kernel/libkernel.a(mutex.c.obj)
                                 0xf5 (size before relaxing)
 .rodata.z_impl_k_mutex_unlock.str1.1
                0x000080b6       0x76 zephyr/kernel/libkernel.a(mutex.c.obj)
 .rodata.k_sched_time_slice_set.str1.1
                0x0000812c       0x9c zephyr/kernel/libkernel.a(sched.c.obj)
 .rodata.k_sched_lock.str1.1
                0x0000812c       0x71 zephyr/kernel/libkernel.a(sched.c.obj)
 .rodata.z_priq_dumb_remove.str1.1
                0x0000812c       0x43 zephyr/kernel/libkernel.a(sched.c.obj)
 .rodata.unpend_thread_no_timeout.str1.1
                0x0000816f       0x17 zephyr/kernel/libkernel.a(sched.c.obj)
 .rodata.update_cache.str1.1
                0x00008186       0x27 zephyr/kernel/libkernel.a(sched.c.obj)
 .rodata.k_sched_unlock.str1.1
                0x000081ad       0x31 zephyr/kernel/libkernel.a(sched.c.obj)
 .rodata.z_tick_sleep.str1.1
                0x000081de       0x40 zephyr/kernel/libkernel.a(sched.c.obj)
 .rodata.z_thread_abort.str1.1
                0x0000821e       0x22 zephyr/kernel/libkernel.a(sched.c.obj)
                                 0x24 (size before relaxing)
 .rodata.z_impl_k_sem_give.str1.1
                0x00008240       0x70 zephyr/kernel/libkernel.a(sem.c.obj)
 .rodata.z_impl_k_sem_take.str1.1
                0x00008240       0x6d zephyr/kernel/libkernel.a(sem.c.obj)
                                 0x9c (size before relaxing)
 .rodata.z_setup_new_thread.str1.1
                0x000082ad       0xd4 zephyr/kernel/libkernel.a(thread.c.obj)
                                 0xf1 (size before relaxing)
 .rodata.z_impl_k_thread_create.str1.1
                0x00008381       0x25 zephyr/kernel/libkernel.a(thread.c.obj)
                                 0x37 (size before relaxing)
 .rodata.z_init_static_threads.str1.1
                0x000083a6       0x2d zephyr/kernel/libkernel.a(thread.c.obj)
                                 0x4c (size before relaxing)
 .rodata.z_add_timeout.str1.1
                0x000083d3       0x44 zephyr/kernel/libkernel.a(timeout.c.obj)
                                 0xe3 (size before relaxing)
 .rodata.boot_banner.str1.1
                0x00008417       0x36 zephyr/kernel/libkernel.a(banner.c.obj)
                                 0x37 (size before relaxing)
 *(SORT_BY_ALIGNMENT(.gnu.linkonce.r.*))
                0x00008450                . = ALIGN (0x4)
 *fill*         0x0000844d        0x3 
                0x00008450                __rodata_region_end = .
                0x00008460                . = ALIGN (_region_min_align)
                0x00010000                . = ALIGN ((0x1 << ((__rodata_region_end - __rom_region_start) <= 0x4)?0x2:((__rodata_region_end - __rom_region_start) <= 0x8)?0x3:((__rodata_region_end - __rom_region_start) <= 0x10)?0x4:((__rodata_region_end - __rom_region_start) <= 0x20)?0x5:((__rodata_region_end - __rom_region_start) <= 0x40)?0x6:((__rodata_region_end - __rom_region_start) <= 0x80)?0x7:((__rodata_region_end - __rom_region_start) <= 0x100)?0x8:((__rodata_region_end - __rom_region_start) <= 0x200)?0x9:((__rodata_region_end - __rom_region_start) <= 0x400)?0xa:((__rodata_region_end - __rom_region_start) <= 0x800)?0xb:((__rodata_region_end - __rom_region_start) <= 0x1000)?0xc:((__rodata_region_end - __rom_region_start) <= 0x2000)?0xd:((__rodata_region_end - __rom_region_start) <= 0x4000)?0xe:((__rodata_region_end - __rom_region_start) <= 0x8000)?0xf:((__rodata_region_end - __rom_region_start) <= 0x10000)?0x10:((__rodata_region_end - __rom_region_start) <= 0x20000)?0x11:((__rodata_region_end - __rom_region_start) <= 0x40000)?0x12:((__rodata_region_end - __rom_region_start) <= 0x80000)?0x13:((__rodata_region_end - __rom_region_start) <= 0x100000)?0x14:((__rodata_region_end - __rom_region_start) <= 0x200000)?0x15:((__rodata_region_end - __rom_region_start) <= 0x400000)?0x16:((__rodata_region_end - __rom_region_start) <= 0x800000)?0x17:((__rodata_region_end - __rom_region_start) <= 0x1000000)?0x18:((__rodata_region_end - __rom_region_start) <= 0x2000000)?0x19:((__rodata_region_end - __rom_region_start) <= 0x4000000)?0x1a:((__rodata_region_end - __rom_region_start) <= 0x8000000)?0x1b:((__rodata_region_end - __rom_region_start) <= 0x10000000)?0x1c:((__rodata_region_end - __rom_region_start) <= 0x20000000)?0x1d:((__rodata_region_end - __rom_region_start) <= 0x40000000)?0x1e:((__rodata_region_end - __rom_region_start) <= 0x80000000)?0x1f:0x20))
                0x00010000                __rom_region_end = .
                0x20000000                . = 0x20000000
                0x20000000                . = ALIGN (_region_min_align)
                0x20000000                _image_ram_start = .

.ramfunc        0x20000000        0x0 load address 0x00008450
                0x20000000                . = ALIGN (_region_min_align)
                0x20000000                . = ALIGN ((0x1 << (__ramfunc_size <= 0x4)?0x2:(__ramfunc_size <= 0x8)?0x3:(__ramfunc_size <= 0x10)?0x4:(__ramfunc_size <= 0x20)?0x5:(__ramfunc_size <= 0x40)?0x6:(__ramfunc_size <= 0x80)?0x7:(__ramfunc_size <= 0x100)?0x8:(__ramfunc_size <= 0x200)?0x9:(__ramfunc_size <= 0x400)?0xa:(__ramfunc_size <= 0x800)?0xb:(__ramfunc_size <= 0x1000)?0xc:(__ramfunc_size <= 0x2000)?0xd:(__ramfunc_size <= 0x4000)?0xe:(__ramfunc_size <= 0x8000)?0xf:(__ramfunc_size <= 0x10000)?0x10:(__ramfunc_size <= 0x20000)?0x11:(__ramfunc_size <= 0x40000)?0x12:(__ramfunc_size <= 0x80000)?0x13:(__ramfunc_size <= 0x100000)?0x14:(__ramfunc_size <= 0x200000)?0x15:(__ramfunc_size <= 0x400000)?0x16:(__ramfunc_size <= 0x800000)?0x17:(__ramfunc_size <= 0x1000000)?0x18:(__ramfunc_size <= 0x2000000)?0x19:(__ramfunc_size <= 0x4000000)?0x1a:(__ramfunc_size <= 0x8000000)?0x1b:(__ramfunc_size <= 0x10000000)?0x1c:(__ramfunc_size <= 0x20000000)?0x1d:(__ramfunc_size <= 0x40000000)?0x1e:(__ramfunc_size <= 0x80000000)?0x1f:0x20))
                0x20000000                __ramfunc_start = .
 *(SORT_BY_ALIGNMENT(.ramfunc))
 *(SORT_BY_ALIGNMENT(.ramfunc.*))
                0x20000000                . = ALIGN (_region_min_align)
                0x20000000                . = ALIGN ((0x1 << (__ramfunc_size <= 0x4)?0x2:(__ramfunc_size <= 0x8)?0x3:(__ramfunc_size <= 0x10)?0x4:(__ramfunc_size <= 0x20)?0x5:(__ramfunc_size <= 0x40)?0x6:(__ramfunc_size <= 0x80)?0x7:(__ramfunc_size <= 0x100)?0x8:(__ramfunc_size <= 0x200)?0x9:(__ramfunc_size <= 0x400)?0xa:(__ramfunc_size <= 0x800)?0xb:(__ramfunc_size <= 0x1000)?0xc:(__ramfunc_size <= 0x2000)?0xd:(__ramfunc_size <= 0x4000)?0xe:(__ramfunc_size <= 0x8000)?0xf:(__ramfunc_size <= 0x10000)?0x10:(__ramfunc_size <= 0x20000)?0x11:(__ramfunc_size <= 0x40000)?0x12:(__ramfunc_size <= 0x80000)?0x13:(__ramfunc_size <= 0x100000)?0x14:(__ramfunc_size <= 0x200000)?0x15:(__ramfunc_size <= 0x400000)?0x16:(__ramfunc_size <= 0x800000)?0x17:(__ramfunc_size <= 0x1000000)?0x18:(__ramfunc_size <= 0x2000000)?0x19:(__ramfunc_size <= 0x4000000)?0x1a:(__ramfunc_size <= 0x8000000)?0x1b:(__ramfunc_size <= 0x10000000)?0x1c:(__ramfunc_size <= 0x20000000)?0x1d:(__ramfunc_size <= 0x40000000)?0x1e:(__ramfunc_size <= 0x80000000)?0x1f:0x20))
                0x20000000                __ramfunc_end = .
                0x00000000                __ramfunc_size = (__ramfunc_end - __ramfunc_start)
                0x00008450                __ramfunc_load_start = LOADADDR (.ramfunc)

datas           0x20000000      0x144 load address 0x00008450
                0x20000000                __data_region_start = .
                0x20000000                __data_start = .
 *(SORT_BY_ALIGNMENT(.data))
 *(SORT_BY_ALIGNMENT(.data.*))
 .data.ab       0x20000000        0x4 app/libapp.a(main.c.obj)
                0x20000000                ab
 .data.bc       0x20000004        0x4 app/libapp.a(main.c.obj)
                0x20000004                bc
 .data.asym_mutex
                0x20000008        0x8 zephyr/libzephyr.a(nrf_cc3xx_platform_mutex_zephyr.c.obj)
 .data.power_mutex
                0x20000010        0x8 zephyr/libzephyr.a(nrf_cc3xx_platform_mutex_zephyr.c.obj)
 .data.rng_mutex
                0x20000018        0x8 zephyr/libzephyr.a(nrf_cc3xx_platform_mutex_zephyr.c.obj)
 .data.sym_mutex
                0x20000020        0x8 zephyr/libzephyr.a(nrf_cc3xx_platform_mutex_zephyr.c.obj)
 .data._char_out
                0x20000028        0x4 zephyr/libzephyr.a(printk.c.obj)
                0x20000028                _char_out
 .data._stdout_hook
                0x2000002c        0x4 zephyr/lib/libc/minimal/liblib__libc__minimal.a(stdout_console.c.obj)
 .data.uarte_0_data
                0x20000030       0x14 zephyr/drivers/serial/libdrivers__serial.a(uart_nrfx_uarte.c.obj)
 .data.uarte_1_data
                0x20000044       0x14 zephyr/drivers/serial/libdrivers__serial.a(uart_nrfx_uarte.c.obj)
 .data.m_cb     0x20000058       0x7c modules/hal_nordic/nrfx/libmodules__hal_nordic__nrfx.a(nrfx_gpiote.c.obj)
 .data.m_channels_allocated
                0x200000d4        0x4 modules/hal_nordic/nrfx/libmodules__hal_nordic__nrfx.a(nrfx_ppi.c.obj)
 .data.SystemCoreClock
                0x200000d8        0x4 modules/hal_nordic/nrfx/libmodules__hal_nordic__nrfx.a(system_nrf52840.c.obj)
                0x200000d8                SystemCoreClock
 .data.timeout_list
                0x200000dc        0x8 zephyr/kernel/libkernel.a(timeout.c.obj)
 .data.platform_abort_apis
                0x200000e4        0x8 C:/Users/bruno/ncs/v1.9.1/nrfxlib/crypto/nrf_cc310_platform/lib/cortex-m4/soft-float/no-interrupts/libnrf_cc310_platform_0.9.13.a(nrf_cc3xx_platform_abort.c.obj)
                0x200000e4                platform_abort_apis
 .data.asym_mutex
                0x200000ec        0x8 C:/Users/bruno/ncs/v1.9.1/nrfxlib/crypto/nrf_cc310_platform/lib/cortex-m4/soft-float/no-interrupts/libnrf_cc310_platform_0.9.13.a(nrf_cc3xx_platform_mutex.c.obj)
 .data.platform_mutex_apis
                0x200000f4       0x10 C:/Users/bruno/ncs/v1.9.1/nrfxlib/crypto/nrf_cc310_platform/lib/cortex-m4/soft-float/no-interrupts/libnrf_cc310_platform_0.9.13.a(nrf_cc3xx_platform_mutex.c.obj)
                0x200000f4                platform_mutex_apis
 .data.platform_mutexes
                0x20000104       0x14 C:/Users/bruno/ncs/v1.9.1/nrfxlib/crypto/nrf_cc310_platform/lib/cortex-m4/soft-float/no-interrupts/libnrf_cc310_platform_0.9.13.a(nrf_cc3xx_platform_mutex.c.obj)
                0x20000104                platform_mutexes
 .data.power_mutex
                0x20000118        0x8 C:/Users/bruno/ncs/v1.9.1/nrfxlib/crypto/nrf_cc310_platform/lib/cortex-m4/soft-float/no-interrupts/libnrf_cc310_platform_0.9.13.a(nrf_cc3xx_platform_mutex.c.obj)
 .data.rng_mutex
                0x20000120        0x8 C:/Users/bruno/ncs/v1.9.1/nrfxlib/crypto/nrf_cc310_platform/lib/cortex-m4/soft-float/no-interrupts/libnrf_cc310_platform_0.9.13.a(nrf_cc3xx_platform_mutex.c.obj)
 .data.sym_mutex
                0x20000128        0x8 C:/Users/bruno/ncs/v1.9.1/nrfxlib/crypto/nrf_cc310_platform/lib/cortex-m4/soft-float/no-interrupts/libnrf_cc310_platform_0.9.13.a(nrf_cc3xx_platform_mutex.c.obj)
 .data.CCAsymCryptoMutex
                0x20000130        0x4 C:/Users/bruno/ncs/v1.9.1/nrfxlib/crypto/nrf_cc310_platform/lib/cortex-m4/soft-float/no-interrupts/libnrf_cc310_platform_0.9.13.a(cc_pal.c.obj)
                0x20000130                CCAsymCryptoMutex
 .data.CCPowerMutex
                0x20000134        0x4 C:/Users/bruno/ncs/v1.9.1/nrfxlib/crypto/nrf_cc310_platform/lib/cortex-m4/soft-float/no-interrupts/libnrf_cc310_platform_0.9.13.a(cc_pal.c.obj)
                0x20000134                CCPowerMutex
 .data.CCRndCryptoMutex
                0x20000138        0x4 C:/Users/bruno/ncs/v1.9.1/nrfxlib/crypto/nrf_cc310_platform/lib/cortex-m4/soft-float/no-interrupts/libnrf_cc310_platform_0.9.13.a(cc_pal.c.obj)
                0x20000138                CCRndCryptoMutex
 .data.CCSymCryptoMutex
                0x2000013c        0x4 C:/Users/bruno/ncs/v1.9.1/nrfxlib/crypto/nrf_cc310_platform/lib/cortex-m4/soft-float/no-interrupts/libnrf_cc310_platform_0.9.13.a(cc_pal.c.obj)
                0x2000013c                CCSymCryptoMutex
 .data.pCCRndCryptoMutex
                0x20000140        0x4 C:/Users/bruno/ncs/v1.9.1/nrfxlib/crypto/nrf_cc310_platform/lib/cortex-m4/soft-float/no-interrupts/libnrf_cc310_platform_0.9.13.a(cc_pal.c.obj)
                0x20000140                pCCRndCryptoMutex
 *(SORT_BY_ALIGNMENT(.kernel.*))
                0x20000144                __data_end = .
                0x00000144                __data_size = (__data_end - __data_start)
                0x00008450                __data_load_start = LOADADDR (datas)
                0x00008450                __data_region_load_start = LOADADDR (datas)

device_states   0x20000144       0x14 load address 0x00008594
                0x20000144                __device_states_start = .
 *(SORT_BY_ALIGNMENT(.z_devstate))
 .z_devstate    0x20000144        0x4 zephyr/drivers/clock_control/libdrivers__clock_control.a(clock_control_nrf.c.obj)
 .z_devstate    0x20000148        0x8 zephyr/drivers/gpio/libdrivers__gpio.a(gpio_nrfx.c.obj)
 .z_devstate    0x20000150        0x8 zephyr/drivers/serial/libdrivers__serial.a(uart_nrfx_uarte.c.obj)
 *(SORT_BY_ALIGNMENT(.z_devstate.*))
                0x20000158                __device_states_end = .

initshell       0x20000158        0x0 load address 0x000085a8
                0x20000158                __shell_module_start = .
 *(SORT_BY_ALIGNMENT(.shell_module_*))
                0x20000158                __shell_module_end = .
                0x20000158                __shell_cmd_start = .
 *(SORT_BY_ALIGNMENT(.shell_cmd_*))
                0x20000158                __shell_cmd_end = .

log_dynamic_sections
                0x20000158        0x0 load address 0x000085a8
                0x20000158                __log_dynamic_start = .
 *(SORT_BY_NAME(SORT_BY_ALIGNMENT(.log_dynamic_*)))
                0x20000158                __log_dynamic_end = .

_static_thread_data_area
                0x20000158        0x0 load address 0x000085a8
                0x20000158                __static_thread_data_list_start = .
 *(SORT_BY_NAME(SORT_BY_ALIGNMENT(.__static_thread_data.static.*)))
                0x20000158                __static_thread_data_list_end = .

k_timer_area    0x20000158        0x0 load address 0x000085a8
                0x20000158                _k_timer_list_start = .
 *(SORT_BY_NAME(SORT_BY_ALIGNMENT(._k_timer.static.*)))
                0x20000158                _k_timer_list_end = .

k_mem_slab_area
                0x20000158        0x0 load address 0x000085a8
                0x20000158                _k_mem_slab_list_start = .
 *(SORT_BY_NAME(SORT_BY_ALIGNMENT(._k_mem_slab.static.*)))
                0x20000158                _k_mem_slab_list_end = .

k_mem_pool_area
                0x20000158        0x0 load address 0x000085a8
                0x20000158                _k_mem_pool_list_start = .
 *(SORT_BY_NAME(SORT_BY_ALIGNMENT(._k_mem_pool.static.*)))
                0x20000158                _k_mem_pool_list_end = .

k_heap_area     0x20000158        0x0 load address 0x000085a8
                0x20000158                _k_heap_list_start = .
 *(SORT_BY_NAME(SORT_BY_ALIGNMENT(._k_heap.static.*)))
                0x20000158                _k_heap_list_end = .

k_mutex_area    0x20000158       0x50 load address 0x000085a8
                0x20000158                _k_mutex_list_start = .
 *(SORT_BY_NAME(SORT_BY_ALIGNMENT(._k_mutex.static.*)))
 ._k_mutex.static.asym_mutex_int
                0x20000158       0x14 zephyr/libzephyr.a(nrf_cc3xx_platform_mutex_zephyr.c.obj)
                0x20000158                asym_mutex_int
 ._k_mutex.static.power_mutex_int
                0x2000016c       0x14 zephyr/libzephyr.a(nrf_cc3xx_platform_mutex_zephyr.c.obj)
                0x2000016c                power_mutex_int
 ._k_mutex.static.rng_mutex_int
                0x20000180       0x14 zephyr/libzephyr.a(nrf_cc3xx_platform_mutex_zephyr.c.obj)
                0x20000180                rng_mutex_int
 ._k_mutex.static.sym_mutex_int
                0x20000194       0x14 zephyr/libzephyr.a(nrf_cc3xx_platform_mutex_zephyr.c.obj)
                0x20000194                sym_mutex_int
                0x200001a8                _k_mutex_list_end = .

k_stack_area    0x200001a8        0x0 load address 0x000085f8
                0x200001a8                _k_stack_list_start = .
 *(SORT_BY_NAME(SORT_BY_ALIGNMENT(._k_stack.static.*)))
                0x200001a8                _k_stack_list_end = .

k_msgq_area     0x200001a8        0x0 load address 0x000085f8
                0x200001a8                _k_msgq_list_start = .
 *(SORT_BY_NAME(SORT_BY_ALIGNMENT(._k_msgq.static.*)))
                0x200001a8                _k_msgq_list_end = .

k_mbox_area     0x200001a8        0x0 load address 0x000085f8
                0x200001a8                _k_mbox_list_start = .
 *(SORT_BY_NAME(SORT_BY_ALIGNMENT(._k_mbox.static.*)))
                0x200001a8                _k_mbox_list_end = .

k_pipe_area     0x200001a8        0x0 load address 0x000085f8
                0x200001a8                _k_pipe_list_start = .
 *(SORT_BY_NAME(SORT_BY_ALIGNMENT(._k_pipe.static.*)))
                0x200001a8                _k_pipe_list_end = .

k_sem_area      0x200001a8        0x0 load address 0x000085f8
                0x200001a8                _k_sem_list_start = .
 *(SORT_BY_NAME(SORT_BY_ALIGNMENT(._k_sem.static.*)))
                0x200001a8                _k_sem_list_end = .

k_event_area    0x200001a8        0x0 load address 0x000085f8
                0x200001a8                _k_event_list_start = .
 *(SORT_BY_NAME(SORT_BY_ALIGNMENT(._k_event.static.*)))
                0x200001a8                _k_event_list_end = .

k_queue_area    0x200001a8        0x0 load address 0x000085f8
                0x200001a8                _k_queue_list_start = .
 *(SORT_BY_NAME(SORT_BY_ALIGNMENT(._k_queue.static.*)))
                0x200001a8                _k_queue_list_end = .

k_condvar_area  0x200001a8        0x0 load address 0x000085f8
                0x200001a8                _k_condvar_list_start = .
 *(SORT_BY_NAME(SORT_BY_ALIGNMENT(._k_condvar.static.*)))
                0x200001a8                _k_condvar_list_end = .

_net_buf_pool_area
                0x200001a8        0x0 load address 0x000085f8
                0x200001a8                _net_buf_pool_list = .
 *(SORT_BY_NAME(SORT_BY_ALIGNMENT(._net_buf_pool.static.*)))
                0x200001a8                __data_region_end = .

bss             0x200001a8      0xf94
                0x200001a8                . = ALIGN (0x4)
                0x200001a8                __bss_start = .
                0x200001a8                __kernel_ram_start = .
 *(SORT_BY_ALIGNMENT(.bss))
 *(SORT_BY_ALIGNMENT(.bss.*))
 .bss.thread_A_data
                0x200001a8       0x80 app/libapp.a(main.c.obj)
                0x200001a8                thread_A_data
 .bss.thread_B_data
                0x20000228       0x80 app/libapp.a(main.c.obj)
                0x20000228                thread_B_data
 .bss.thread_C_data
                0x200002a8       0x80 app/libapp.a(main.c.obj)
                0x200002a8                thread_C_data
 .bss.anchor    0x20000328        0x8 zephyr/drivers/timer/libdrivers__timer.a(nrf_rtc_timer.c.obj)
 .bss.cc_data   0x20000330       0x10 zephyr/drivers/timer/libdrivers__timer.a(nrf_rtc_timer.c.obj)
 .bss.last_count
                0x20000340        0x8 zephyr/drivers/timer/libdrivers__timer.a(nrf_rtc_timer.c.obj)
 .bss.z_idle_threads
                0x20000348       0x80 zephyr/kernel/libkernel.a(init.c.obj)
                0x20000348                z_idle_threads
 .bss.z_main_thread
                0x200003c8       0x80 zephyr/kernel/libkernel.a(init.c.obj)
                0x200003c8                z_main_thread
 .bss.curr_tick
                0x20000448        0x8 zephyr/kernel/libkernel.a(timeout.c.obj)
 .bss.sem_ab    0x20000450       0x10 app/libapp.a(main.c.obj)
                0x20000450                sem_ab
 .bss.sem_bc    0x20000460       0x10 app/libapp.a(main.c.obj)
                0x20000460                sem_bc
 .bss.thread_A_tid
                0x20000470        0x4 app/libapp.a(main.c.obj)
                0x20000470                thread_A_tid
 .bss.thread_B_tid
                0x20000474        0x4 app/libapp.a(main.c.obj)
                0x20000474                thread_B_tid
 .bss.mutex_slab
                0x20000478       0x20 zephyr/libzephyr.a(nrf_cc3xx_platform_mutex_zephyr.c.obj)
                0x20000478                mutex_slab
 .bss.mutex_slab_buffer
                0x20000498      0x500 zephyr/libzephyr.a(nrf_cc3xx_platform_mutex_zephyr.c.obj)
                0x20000498                mutex_slab_buffer
 .bss.pm_notifier_lock
                0x20000998        0x4 zephyr/libzephyr.a(pm.c.obj)
 .bss.pm_notifiers
                0x2000099c        0x8 zephyr/libzephyr.a(pm.c.obj)
 .bss.z_post_ops_required
                0x200009a4        0x4 zephyr/libzephyr.a(pm.c.obj)
 .bss.z_power_states
                0x200009a8        0xc zephyr/libzephyr.a(pm.c.obj)
 .bss.z_power_states_forced
                0x200009b4        0x4 zephyr/libzephyr.a(pm.c.obj)
 .bss.dynamic_regions.9984
                0x200009b8        0xc zephyr/arch/arch/arm/core/aarch32/mpu/libarch__arm__core__aarch32__mpu.a(arm_core_mpu.c.obj)
 .bss.cli.11139
                0x200009c4       0x10 zephyr/drivers/clock_control/libdrivers__clock_control.a(clock_control_nrf.c.obj)
 .bss.data      0x200009d4       0x58 zephyr/drivers/clock_control/libdrivers__clock_control.a(clock_control_nrf.c.obj)
 .bss.hfclk_users
                0x20000a2c        0x4 zephyr/drivers/clock_control/libdrivers__clock_control.a(clock_control_nrf.c.obj)
 .bss.on.11138  0x20000a30        0x4 zephyr/drivers/clock_control/libdrivers__clock_control.a(clock_control_nrf.c.obj)
 .bss.uart_console_dev
                0x20000a34        0x4 zephyr/drivers/console/libdrivers__console.a(uart_console.c.obj)
 .bss.gpio_nrfx_p0_data
                0x20000a38        0xc zephyr/drivers/gpio/libdrivers__gpio.a(gpio_nrfx.c.obj)
 .bss.gpio_nrfx_p1_data
                0x20000a44        0xc zephyr/drivers/gpio/libdrivers__gpio.a(gpio_nrfx.c.obj)
 .bss.force_isr_mask
                0x20000a50        0x4 zephyr/drivers/timer/libdrivers__timer.a(nrf_rtc_timer.c.obj)
 .bss.int_mask  0x20000a54        0x4 zephyr/drivers/timer/libdrivers__timer.a(nrf_rtc_timer.c.obj)
 .bss.overflow_cnt
                0x20000a58        0x4 zephyr/drivers/timer/libdrivers__timer.a(nrf_rtc_timer.c.obj)
 .bss.m_clock_cb
                0x20000a5c        0x8 modules/hal_nordic/nrfx/libmodules__hal_nordic__nrfx.a(nrfx_clock.c.obj)
 .bss._SEGGER_RTT
                0x20000a64       0xa8 modules/segger/libmodules__segger.a(SEGGER_RTT.c.obj)
                0x20000a64                _SEGGER_RTT
 .bss._kernel   0x20000b0c       0x28 zephyr/kernel/libkernel.a(init.c.obj)
                0x20000b0c                _kernel
 .bss.lock      0x20000b34        0x4 zephyr/kernel/libkernel.a(mutex.c.obj)
 .bss.pending_current
                0x20000b38        0x4 zephyr/kernel/libkernel.a(sched.c.obj)
 .bss.sched_spinlock
                0x20000b3c        0x4 zephyr/kernel/libkernel.a(sched.c.obj)
                0x20000b3c                sched_spinlock
 .bss.slice_max_prio
                0x20000b40        0x4 zephyr/kernel/libkernel.a(sched.c.obj)
 .bss.slice_time
                0x20000b44        0x4 zephyr/kernel/libkernel.a(sched.c.obj)
 .bss.lock      0x20000b48        0x4 zephyr/kernel/libkernel.a(sem.c.obj)
 .bss.announce_remaining
                0x20000b4c        0x4 zephyr/kernel/libkernel.a(timeout.c.obj)
 .bss.timeout_lock
                0x20000b50        0x4 zephyr/kernel/libkernel.a(timeout.c.obj)
 .bss.nrf_cc3xx_platform_initialized
                0x20000b54        0x4 C:/Users/bruno/ncs/v1.9.1/nrfxlib/crypto/nrf_cc310_platform/lib/cortex-m4/soft-float/no-interrupts/libnrf_cc310_platform_0.9.13.a(nrf_cc3xx_platform.c.obj)
 .bss.asym_mutex_int